Archive member included to satisfy reference by file (symbol)

/home/federico/Escritorio/Workspace/LibFreeRTOS_8.2.3/Debug/libLibFreeRTOS_8.2.3.a(tasks.o)
                              ./src/AD7124_MYFUNC.o (xTaskGenericCreate)
/home/federico/Escritorio/Workspace/LibFreeRTOS_8.2.3/Debug/libLibFreeRTOS_8.2.3.a(heap_1.o)
                              /home/federico/Escritorio/Workspace/LibFreeRTOS_8.2.3/Debug/libLibFreeRTOS_8.2.3.a(tasks.o) (pvPortMalloc)
/home/federico/Escritorio/Workspace/LibFreeRTOS_8.2.3/Debug/libLibFreeRTOS_8.2.3.a(port.o)
                              /home/federico/Escritorio/Workspace/LibFreeRTOS_8.2.3/Debug/libLibFreeRTOS_8.2.3.a(tasks.o) (pxPortInitialiseStack)
/home/federico/Escritorio/Workspace/LibFreeRTOS_8.2.3/Debug/libLibFreeRTOS_8.2.3.a(list.o)
                              /home/federico/Escritorio/Workspace/LibFreeRTOS_8.2.3/Debug/libLibFreeRTOS_8.2.3.a(tasks.o) (vListInitialise)
/home/federico/Escritorio/Workspace/LPC_BaseBoardBB1769_R02/Debug/libLPC_BaseBoardBB1769_R02.a(board.o)
                              ./src/AD7124_MYFUNC.o (Board_Init)
/home/federico/Escritorio/Workspace/LPC_BaseBoardBB1769_R02/Debug/libLPC_BaseBoardBB1769_R02.a(board_sysinit.o)
                              ./src/sysinit.o (Board_SystemInit)
/home/federico/Escritorio/Workspace/lpc_chip_175x_6x/Debug/liblpc_chip_175x_6x.a(chip_17xx_40xx.o)
                              /home/federico/Escritorio/Workspace/LibFreeRTOS_8.2.3/Debug/libLibFreeRTOS_8.2.3.a(port.o) (SystemCoreClock)
/home/federico/Escritorio/Workspace/lpc_chip_175x_6x/Debug/liblpc_chip_175x_6x.a(clock_17xx_40xx.o)
                              /home/federico/Escritorio/Workspace/lpc_chip_175x_6x/Debug/liblpc_chip_175x_6x.a(chip_17xx_40xx.o) (Chip_Clock_EnablePLL)
/home/federico/Escritorio/Workspace/lpc_chip_175x_6x/Debug/liblpc_chip_175x_6x.a(iocon_17xx_40xx.o)
                              ./src/ad7124.o (Chip_IOCON_PinMux)
/home/federico/Escritorio/Workspace/lpc_chip_175x_6x/Debug/liblpc_chip_175x_6x.a(ssp_17xx_40xx.o)
                              ./src/ad7124.o (Chip_SSP_RWFrames_Blocking)
/home/federico/Escritorio/Workspace/lpc_chip_175x_6x/Debug/liblpc_chip_175x_6x.a(sysinit_17xx_40xx.o)
                              /home/federico/Escritorio/Workspace/LPC_BaseBoardBB1769_R02/Debug/libLPC_BaseBoardBB1769_R02.a(board_sysinit.o) (Chip_SetupXtalClocking)
/home/federico/Escritorio/Workspace/lpc_chip_175x_6x/Debug/liblpc_chip_175x_6x.a(uart_17xx_40xx.o)
                              /home/federico/Escritorio/Workspace/LPC_BaseBoardBB1769_R02/Debug/libLPC_BaseBoardBB1769_R02.a(board.o) (Chip_UART_Init)
/home/federico/Escritorio/Workspace/lpc_chip_175x_6x/Debug/liblpc_chip_175x_6x.a(ring_buffer.o)
                              /home/federico/Escritorio/Workspace/lpc_chip_175x_6x/Debug/liblpc_chip_175x_6x.a(uart_17xx_40xx.o) (RingBuffer_Insert)
/home/federico/Programas/lpcxpresso_8.2.2_650/lpcxpresso/tools/bin/../lib/gcc/arm-none-eabi/5.4.1/../../../../arm-none-eabi/lib/armv7-m/libcr_semihost.a(_cr__main.o)
                              ./src/cr_startup_lpc175x_6x.o (__main)
/home/federico/Programas/lpcxpresso_8.2.2_650/lpcxpresso/tools/bin/../lib/gcc/arm-none-eabi/5.4.1/../../../../arm-none-eabi/lib/armv7-m/libcr_c.a(memcpy.o)
                              /home/federico/Escritorio/Workspace/LPC_BaseBoardBB1769_R02/Debug/libLPC_BaseBoardBB1769_R02.a(board.o) (memcpy)
/home/federico/Programas/lpcxpresso_8.2.2_650/lpcxpresso/tools/bin/../lib/gcc/arm-none-eabi/5.4.1/../../../../arm-none-eabi/lib/armv7-m/libcr_c.a(memset.o)
                              /home/federico/Escritorio/Workspace/LibFreeRTOS_8.2.3/Debug/libLibFreeRTOS_8.2.3.a(tasks.o) (memset)
/home/federico/Programas/lpcxpresso_8.2.2_650/lpcxpresso/tools/bin/../lib/gcc/arm-none-eabi/5.4.1/../../../../arm-none-eabi/lib/armv7-m/libcr_c.a(alloc.o)
                              ./src/ad7124.o (malloc)
/home/federico/Programas/lpcxpresso_8.2.2_650/lpcxpresso/tools/bin/../lib/gcc/arm-none-eabi/5.4.1/../../../../arm-none-eabi/lib/armv7-m/libcr_c.a(initio.o)
                              /home/federico/Programas/lpcxpresso_8.2.2_650/lpcxpresso/tools/bin/../lib/gcc/arm-none-eabi/5.4.1/../../../../arm-none-eabi/lib/armv7-m/libcr_semihost.a(_cr__main.o) (_initio)
/home/federico/Programas/lpcxpresso_8.2.2_650/lpcxpresso/tools/bin/../lib/gcc/arm-none-eabi/5.4.1/../../../../arm-none-eabi/lib/armv7-m/libcr_c.a(setvbuf.o)
                              /home/federico/Programas/lpcxpresso_8.2.2_650/lpcxpresso/tools/bin/../lib/gcc/arm-none-eabi/5.4.1/../../../../arm-none-eabi/lib/armv7-m/libcr_c.a(initio.o) (setvbuf)
/home/federico/Programas/lpcxpresso_8.2.2_650/lpcxpresso/tools/bin/../lib/gcc/arm-none-eabi/5.4.1/../../../../arm-none-eabi/lib/armv7-m/libcr_c.a(stdio.o)
                              /home/federico/Programas/lpcxpresso_8.2.2_650/lpcxpresso/tools/bin/../lib/gcc/arm-none-eabi/5.4.1/../../../../arm-none-eabi/lib/armv7-m/libcr_c.a(initio.o) (__Ciob)
[...]
Memory Configuration

Name             Origin             Length             Attributes
MFlash512        0x00000000         0x00080000         xr
RamLoc32         0x10000000         0x00008000         xrw
RamAHB32         0x2007c000         0x00008000         xrw
*default*        0x00000000         0xffffffff

Linker script and memory map

LOAD ./src/AD7124_MYFUNC.o
LOAD ./src/ad7124.o
LOAD ./src/ad7124_regs.o
LOAD ./src/cr_startup_lpc175x_6x.o
LOAD ./src/crp.o
LOAD ./src/sysinit.o
LOAD /home/federico/Escritorio/Workspace/LibFreeRTOS_8.2.3/Debug/libLibFreeRTOS_8.2.3.a
LOAD /home/federico/Escritorio/Workspace/LPC_BaseBoardBB1769_R02/Debug/libLPC_BaseBoardBB1769_R02.a
LOAD /home/federico/Escritorio/Workspace/lpc_chip_175x_6x/Debug/liblpc_chip_175x_6x.a
START GROUP
LOAD /home/federico/Programas/lpcxpresso_8.2.2_650/lpcxpresso/tools/bin/../lib/gcc/arm-none-eabi/5.4.1/../../../../arm-none-eabi/lib/armv7-m/libcr_semihost.a
LOAD /home/federico/Programas/lpcxpresso_8.2.2_650/lpcxpresso/tools/bin/../lib/gcc/arm-none-eabi/5.4.1/../../../../arm-none-eabi/lib/armv7-m/libcr_c.a
LOAD /home/federico/Programas/lpcxpresso_8.2.2_650/lpcxpresso/tools/bin/../lib/gcc/arm-none-eabi/5.4.1/armv7-m/libcr_eabihelpers.a
END GROUP
                0x00000000                __base_MFlash512 = 0x0
                0x00000000                __base_Flash = 0x0
                0x00080000                __top_MFlash512 = 0x80000
                0x00080000                __top_Flash = 0x80000
                0x10000000                __base_RamLoc32 = 0x10000000
                0x10000000                __base_RAM = 0x10000000
                0x10008000                __top_RamLoc32 = 0x10008000
                0x10008000                __top_RAM = 0x10008000
                0x2007c000                __base_RamAHB32 = 0x2007c000
                0x2007c000                __base_RAM2 = 0x2007c000
                0x20084000                __top_RamAHB32 = 0x20084000
                0x20084000                __top_RAM2 = 0x20084000

.text           0x00000000     0x2c88
 FILL mask 0xff
                0x00000000                __vectors_start__ = ABSOLUTE (.)
 *(.isr_vector)
 .isr_vector    0x00000000       0xcc ./src/cr_startup_lpc175x_6x.o
                0x00000000                g_pfnVectors
                0x000000cc                . = ALIGN (0x4)
                0x000000cc                __section_table_start = .
                0x000000cc                __data_section_table = .
                0x000000cc        0x4 LONG 0x2c88 LOADADDR (.data)
                0x000000d0        0x4 LONG 0x10000000 ADDR (.data)
                0x000000d4        0x4 LONG 0x4 SIZEOF (.data)
                0x000000d8        0x4 LONG 0x2c88 LOADADDR (.data_RAM2)
                0x000000dc        0x4 LONG 0x2007c000 ADDR (.data_RAM2)
                0x000000e0        0x4 LONG 0x0 SIZEOF (.data_RAM2)
                0x000000e4                __data_section_table_end = .
                0x000000e4                __bss_section_table = .
                0x000000e4        0x4 LONG 0x10000004 ADDR (.bss)
                0x000000e8        0x4 LONG 0x2a98 SIZEOF (.bss)
                0x000000ec        0x4 LONG 0x2007c000 ADDR (.bss_RAM2)
                0x000000f0        0x4 LONG 0x0 SIZEOF (.bss_RAM2)
                0x000000f4                __bss_section_table_end = .
                0x000000f4                __section_table_end = .
 *(.after_vectors*)
 .after_vectors
                0x000000f4      0x144 ./src/cr_startup_lpc175x_6x.o
                0x000000f4                data_init
                0x00000138                bss_init
                0x00000170                ResetISR
                0x000001e8                NMI_Handler
                0x000001f0                HardFault_Handler
                0x000001f8                MemManage_Handler
                0x00000200                BusFault_Handler
                0x00000208                UsageFault_Handler
                0x00000218                DebugMon_Handler
                0x00000230                TIMER2_IRQHandler
                0x00000230                RIT_IRQHandler
                0x00000230                I2C0_IRQHandler
                0x00000230                USBActivity_IRQHandler
                0x00000230                PWM1_IRQHandler
                0x00000230                I2C1_IRQHandler
                0x00000230                EINT2_IRQHandler
                0x00000230                UART1_IRQHandler
                0x00000230                EINT3_IRQHandler
                0x00000230                CANActivity_IRQHandler
                0x00000230                TIMER3_IRQHandler
                0x00000230                UART0_IRQHandler
                0x00000230                IntDefaultHandler
                0x00000230                PLL0_IRQHandler
                0x00000230                CAN_IRQHandler
                0x00000230                PLL1_IRQHandler
                0x00000230                SSP0_IRQHandler
                0x00000230                I2S_IRQHandler
                0x00000230                I2C2_IRQHandler
                0x00000230                RTC_IRQHandler
                0x00000230                TIMER0_IRQHandler
                0x00000230                SPI_IRQHandler
                0x00000230                EINT1_IRQHandler
                0x00000230                TIMER1_IRQHandler
                0x00000230                UART2_IRQHandler
                0x00000230                ADC_IRQHandler
                0x00000230                SSP1_IRQHandler
                0x00000230                USB_IRQHandler
                0x00000230                BOD_IRQHandler
                0x00000230                WDT_IRQHandler
                0x00000230                QEI_IRQHandler
                0x00000230                EINT0_IRQHandler
                0x00000230                ETH_IRQHandler
                0x00000230                DMA_IRQHandler
                0x00000230                UART3_IRQHandler
                0x00000230                MCPWM_IRQHandler
 *(.text*)
 .text.prvSetupHardware
                0x00000238       0x1c ./src/AD7124_MYFUNC.o
 .text.AD7124_Init
                0x00000254       0xb8 ./src/AD7124_MYFUNC.o
                0x00000254                AD7124_Init
 .text.main     0x0000030c       0x38 ./src/AD7124_MYFUNC.o
                0x0000030c                main
 .text.vTaskFunction
                0x00000344       0x14 ./src/AD7124_MYFUNC.o
                0x00000344                vTaskFunction
 .text.vApplicationIdleHook
                0x00000358        0xc ./src/AD7124_MYFUNC.o
                0x00000358                vApplicationIdleHook
 .text.NVIC_EnableIRQ
                0x00000364       0x30 ./src/ad7124.o
 .text.Chip_GPIO_SetPinState
                0x00000394       0x68 ./src/ad7124.o
 .text.Chip_GPIO_WritePortBit
                0x000003fc       0x2c ./src/ad7124.o
 .text.Chip_GPIO_SetPinDIROutput
                0x00000428       0x38 ./src/ad7124.o
 .text.Chip_SSP_Enable
                0x00000460       0x20 ./src/ad7124.o
 .text.Chip_SSP_SetFormat
                0x00000480       0x30 ./src/ad7124.o
 .text.Ad7124Chip_setAdcControl
                0x000004b0       0x90 ./src/ad7124.o
                0x000004b0                Ad7124Chip_setAdcControl
 .text.Ad7124Chip_setConfig
                0x00000540       0xac ./src/ad7124.o
                0x00000540                Ad7124Chip_setConfig
 .text.Ad7124Chip_setChannel
                0x000005ec       0xa8 ./src/ad7124.o
                0x000005ec                Ad7124Chip_setChannel
 .text.Ad7124Chip_read
                0x00000694       0x20 ./src/ad7124.o
                0x00000694                Ad7124Chip_read
 .text.Ad7124Chip_startSingleConversion
                0x000006b4       0x30 ./src/ad7124.o
                0x000006b4                Ad7124Chip_startSingleConversion
 .text.Ad7124Chip_enableChannel
                0x000006e4       0xb4 ./src/ad7124.o
                0x000006e4                Ad7124Chip_enableChannel
 .text.Ad7124Chip_setMode
                0x00000798       0x60 ./src/ad7124.o
                0x00000798                Ad7124Chip_setMode
 .text.Ad7124Chip_getData
                0x000007f8       0x78 ./src/ad7124.o
                0x000007f8                Ad7124Chip_getData
 .text.SPI_Init
                0x00000870       0x5c ./src/ad7124.o
                0x00000870                SPI_Init
 .text.GPIOs_Init
                0x000008cc       0x60 ./src/ad7124.o
                0x000008cc                GPIOs_Init
 .text.InitBuffer
                0x0000092c       0x34 ./src/ad7124.o
                0x0000092c                InitBuffer
 .text.tx_n_rx  0x00000960       0xa0 ./src/ad7124.o
                0x00000960                tx_n_rx
 .text.chnd_2_nmbr
                0x00000a00       0x54 ./src/ad7124.o
                0x00000a00                chnd_2_nmbr
 .text.delay    0x00000a54       0x28 ./src/ad7124.o
                0x00000a54                delay
 .text.SystemInit
                0x00000a7c       0x24 ./src/sysinit.o
                0x00000a7c                SystemInit
 .text.xTaskGenericCreate
                0x00000aa0      0x140 /home/federico/Escritorio/Workspace/LibFreeRTOS_8.2.3/Debug/libLibFreeRTOS_8.2.3.a(tasks.o)
                0x00000aa0                xTaskGenericCreate
 .text.vTaskDelay
                0x00000be0       0x74 /home/federico/Escritorio/Workspace/LibFreeRTOS_8.2.3/Debug/libLibFreeRTOS_8.2.3.a(tasks.o)
                0x00000be0                vTaskDelay
 .text.vTaskStartScheduler
                0x00000c54       0x60 /home/federico/Escritorio/Workspace/LibFreeRTOS_8.2.3/Debug/libLibFreeRTOS_8.2.3.a(tasks.o)
                0x00000c54                vTaskStartScheduler
 .text.vTaskSuspendAll
                0x00000cb4       0x1c /home/federico/Escritorio/Workspace/LibFreeRTOS_8.2.3/Debug/libLibFreeRTOS_8.2.3.a(tasks.o)
                0x00000cb4                vTaskSuspendAll
 .text.xTaskResumeAll
                0x00000cd0      0x100 /home/federico/Escritorio/Workspace/LibFreeRTOS_8.2.3/Debug/libLibFreeRTOS_8.2.3.a(tasks.o)
                0x00000cd0                xTaskResumeAll
 .text.xTaskIncrementTick
                0x00000dd0      0x160 /home/federico/Escritorio/Workspace/LibFreeRTOS_8.2.3/Debug/libLibFreeRTOS_8.2.3.a(tasks.o)
                0x00000dd0                xTaskIncrementTick
 .text.vTaskSwitchContext
                0x00000f30       0x8c /home/federico/Escritorio/Workspace/LibFreeRTOS_8.2.3/Debug/libLibFreeRTOS_8.2.3.a(tasks.o)
                0x00000f30                vTaskSwitchContext
 .text.prvIdleTask
                0x00000fbc       0x24 /home/federico/Escritorio/Workspace/LibFreeRTOS_8.2.3/Debug/libLibFreeRTOS_8.2.3.a(tasks.o)
 .text.prvInitialiseTCBVariables
                0x00000fe0       0xa4 /home/federico/Escritorio/Workspace/LibFreeRTOS_8.2.3/Debug/libLibFreeRTOS_8.2.3.a(tasks.o)
 .text.prvInitialiseTaskLists
                0x00001084       0x7c /home/federico/Escritorio/Workspace/LibFreeRTOS_8.2.3/Debug/libLibFreeRTOS_8.2.3.a(tasks.o)
 .text.prvCheckTasksWaitingTermination
                0x00001100       0x74 /home/federico/Escritorio/Workspace/LibFreeRTOS_8.2.3/Debug/libLibFreeRTOS_8.2.3.a(tasks.o)
 .text.prvAddCurrentTaskToDelayedList
                0x00001174       0x6c /home/federico/Escritorio/Workspace/LibFreeRTOS_8.2.3/Debug/libLibFreeRTOS_8.2.3.a(tasks.o)
 .text.prvAllocateTCBAndStack
                0x000011e0       0x70 /home/federico/Escritorio/Workspace/LibFreeRTOS_8.2.3/Debug/libLibFreeRTOS_8.2.3.a(tasks.o)
 .text.prvDeleteTCB
                0x00001250       0x20 /home/federico/Escritorio/Workspace/LibFreeRTOS_8.2.3/Debug/libLibFreeRTOS_8.2.3.a(tasks.o)
 .text.prvResetNextTaskUnblockTime
                0x00001270       0x48 /home/federico/Escritorio/Workspace/LibFreeRTOS_8.2.3/Debug/libLibFreeRTOS_8.2.3.a(tasks.o)
 .text.pvPortMalloc
                0x000012b8       0x8c /home/federico/Escritorio/Workspace/LibFreeRTOS_8.2.3/Debug/libLibFreeRTOS_8.2.3.a(heap_1.o)
                0x000012b8                pvPortMalloc
 .text.vPortFree
                0x00001344       0x14 /home/federico/Escritorio/Workspace/LibFreeRTOS_8.2.3/Debug/libLibFreeRTOS_8.2.3.a(heap_1.o)
                0x00001344                vPortFree
 .text.pxPortInitialiseStack
                0x00001358       0x58 /home/federico/Escritorio/Workspace/LibFreeRTOS_8.2.3/Debug/libLibFreeRTOS_8.2.3.a(port.o)
                0x00001358                pxPortInitialiseStack
 .text.prvTaskExitError
                0x000013b0        0xc /home/federico/Escritorio/Workspace/LibFreeRTOS_8.2.3/Debug/libLibFreeRTOS_8.2.3.a(port.o)
 .text.SVC_Handler
                0x000013bc       0x24 /home/federico/Escritorio/Workspace/LibFreeRTOS_8.2.3/Debug/libLibFreeRTOS_8.2.3.a(port.o)
                0x000013bc                SVC_Handler
 .text.prvPortStartFirstTask
                0x000013e0       0x20 /home/federico/Escritorio/Workspace/LibFreeRTOS_8.2.3/Debug/libLibFreeRTOS_8.2.3.a(port.o)
 .text.xPortStartScheduler
                0x00001400       0x3c /home/federico/Escritorio/Workspace/LibFreeRTOS_8.2.3/Debug/libLibFreeRTOS_8.2.3.a(port.o)
                0x00001400                xPortStartScheduler
 .text.vPortYield
                0x0000143c       0x20 /home/federico/Escritorio/Workspace/LibFreeRTOS_8.2.3/Debug/libLibFreeRTOS_8.2.3.a(port.o)
                0x0000143c                vPortYield
 .text.vPortEnterCritical
                0x0000145c       0x20 /home/federico/Escritorio/Workspace/LibFreeRTOS_8.2.3/Debug/libLibFreeRTOS_8.2.3.a(port.o)
                0x0000145c                vPortEnterCritical
 .text.vPortExitCritical
                0x0000147c       0x24 /home/federico/Escritorio/Workspace/LibFreeRTOS_8.2.3/Debug/libLibFreeRTOS_8.2.3.a(port.o)
                0x0000147c                vPortExitCritical
 .text.ulPortSetInterruptMask
                0x000014a0       0x14 /home/federico/Escritorio/Workspace/LibFreeRTOS_8.2.3/Debug/libLibFreeRTOS_8.2.3.a(port.o)
                0x000014a0                ulPortSetInterruptMask
 .text.vPortClearInterruptMask
                0x000014b4        0x8 /home/federico/Escritorio/Workspace/LibFreeRTOS_8.2.3/Debug/libLibFreeRTOS_8.2.3.a(port.o)
                0x000014b4                vPortClearInterruptMask
 .text.PendSV_Handler
                0x000014bc       0x44 /home/federico/Escritorio/Workspace/LibFreeRTOS_8.2.3/Debug/libLibFreeRTOS_8.2.3.a(port.o)
                0x000014bc                PendSV_Handler
 .text.SysTick_Handler
                0x00001500       0x28 /home/federico/Escritorio/Workspace/LibFreeRTOS_8.2.3/Debug/libLibFreeRTOS_8.2.3.a(port.o)
                0x00001500                SysTick_Handler
 .text.vPortSetupTimerInterrupt
                0x00001528       0x34 /home/federico/Escritorio/Workspace/LibFreeRTOS_8.2.3/Debug/libLibFreeRTOS_8.2.3.a(port.o)
                0x00001528                vPortSetupTimerInterrupt
 .text.vListInitialise
                0x0000155c       0x40 /home/federico/Escritorio/Workspace/LibFreeRTOS_8.2.3/Debug/libLibFreeRTOS_8.2.3.a(list.o)
                0x0000155c                vListInitialise
 .text.vListInitialiseItem
                0x0000159c       0x18 /home/federico/Escritorio/Workspace/LibFreeRTOS_8.2.3/Debug/libLibFreeRTOS_8.2.3.a(list.o)
                0x0000159c                vListInitialiseItem
 .text.vListInsertEnd
                0x000015b4       0x48 /home/federico/Escritorio/Workspace/LibFreeRTOS_8.2.3/Debug/libLibFreeRTOS_8.2.3.a(list.o)
                0x000015b4                vListInsertEnd
 .text.vListInsert
                0x000015fc       0x70 /home/federico/Escritorio/Workspace/LibFreeRTOS_8.2.3/Debug/libLibFreeRTOS_8.2.3.a(list.o)
                0x000015fc                vListInsert
 .text.uxListRemove
                0x0000166c       0x54 /home/federico/Escritorio/Workspace/LibFreeRTOS_8.2.3/Debug/libLibFreeRTOS_8.2.3.a(list.o)
                0x0000166c                uxListRemove
 .text.Chip_IOCON_Init
                0x000016c0       0x18 /home/federico/Escritorio/Workspace/LPC_BaseBoardBB1769_R02/Debug/libLPC_BaseBoardBB1769_R02.a(board.o)
 .text.Chip_GPIO_Init
                0x000016d8       0x18 /home/federico/Escritorio/Workspace/LPC_BaseBoardBB1769_R02/Debug/libLPC_BaseBoardBB1769_R02.a(board.o)
 .text.Chip_GPIO_SetPinDIROutput
                0x000016f0       0x38 /home/federico/Escritorio/Workspace/LPC_BaseBoardBB1769_R02/Debug/libLPC_BaseBoardBB1769_R02.a(board.o)
 .text.Chip_GPIO_SetPinDIRInput
                0x00001728       0x3c /home/federico/Escritorio/Workspace/LPC_BaseBoardBB1769_R02/Debug/libLPC_BaseBoardBB1769_R02.a(board.o)
 .text.Chip_GPIO_SetPinDIR
                0x00001764       0x44 /home/federico/Escritorio/Workspace/LPC_BaseBoardBB1769_R02/Debug/libLPC_BaseBoardBB1769_R02.a(board.o)
 .text.Chip_GPIO_WriteDirBit
                0x000017a8       0x30 /home/federico/Escritorio/Workspace/LPC_BaseBoardBB1769_R02/Debug/libLPC_BaseBoardBB1769_R02.a(board.o)
 .text.Board_LED_Init
                0x000017d8       0x6c /home/federico/Escritorio/Workspace/LPC_BaseBoardBB1769_R02/Debug/libLPC_BaseBoardBB1769_R02.a(board.o)
 .text.Board_Buttons_Init
                0x00001844       0x24 /home/federico/Escritorio/Workspace/LPC_BaseBoardBB1769_R02/Debug/libLPC_BaseBoardBB1769_R02.a(board.o)
                0x00001844                Board_Buttons_Init
 .text.Board_Init
                0x00001868       0x24 /home/federico/Escritorio/Workspace/LPC_BaseBoardBB1769_R02/Debug/libLPC_BaseBoardBB1769_R02.a(board.o)
                0x00001868                Board_Init
 .text.Board_SSP_Init
                0x0000188c       0xa4 /home/federico/Escritorio/Workspace/LPC_BaseBoardBB1769_R02/Debug/libLPC_BaseBoardBB1769_R02.a(board.o)
                0x0000188c                Board_SSP_Init
 .text.Chip_SYSCTL_SetFLASHAccess
                0x00001930       0x30 /home/federico/Escritorio/Workspace/LPC_BaseBoardBB1769_R02/Debug/libLPC_BaseBoardBB1769_R02.a(board_sysinit.o)
 .text.Board_SetupMuxing
                0x00001960       0x1c /home/federico/Escritorio/Workspace/LPC_BaseBoardBB1769_R02/Debug/libLPC_BaseBoardBB1769_R02.a(board_sysinit.o)
                0x00001960                Board_SetupMuxing
 .text.Board_SetupClocking
                0x0000197c       0x14 /home/federico/Escritorio/Workspace/LPC_BaseBoardBB1769_R02/Debug/libLPC_BaseBoardBB1769_R02.a(board_sysinit.o)
                0x0000197c                Board_SetupClocking
 .text.Board_SystemInit
                0x00001990       0x10 /home/federico/Escritorio/Workspace/LPC_BaseBoardBB1769_R02/Debug/libLPC_BaseBoardBB1769_R02.a(board_sysinit.o)
                0x00001990                Board_SystemInit
 .text.SystemCoreClockUpdate
                0x000019a0       0x18 /home/federico/Escritorio/Workspace/lpc_chip_175x_6x/Debug/liblpc_chip_175x_6x.a(chip_17xx_40xx.o)
                0x000019a0                SystemCoreClockUpdate
 .text.Chip_Clock_IsMainPLLEnabled
                0x000019b8       0x24 /home/federico/Escritorio/Workspace/lpc_chip_175x_6x/Debug/liblpc_chip_175x_6x.a(clock_17xx_40xx.o)
 .text.Chip_Clock_IsMainPLLConnected
                0x000019dc       0x24 /home/federico/Escritorio/Workspace/lpc_chip_175x_6x/Debug/liblpc_chip_175x_6x.a(clock_17xx_40xx.o)
 .text.Chip_Clock_FeedPLL
                0x00001a00       0x34 /home/federico/Escritorio/Workspace/lpc_chip_175x_6x/Debug/liblpc_chip_175x_6x.a(clock_17xx_40xx.o)
 .text.Chip_Clock_GetMainPLLSource
                0x00001a34       0x20 /home/federico/Escritorio/Workspace/lpc_chip_175x_6x/Debug/liblpc_chip_175x_6x.a(clock_17xx_40xx.o)
 .text.Chip_Clock_GetMainOscRate
                0x00001a54       0x14 /home/federico/Escritorio/Workspace/lpc_chip_175x_6x/Debug/liblpc_chip_175x_6x.a(clock_17xx_40xx.o)
 .text.Chip_Clock_GetIntOscRate
                0x00001a68       0x14 /home/federico/Escritorio/Workspace/lpc_chip_175x_6x/Debug/liblpc_chip_175x_6x.a(clock_17xx_40xx.o)
 .text.Chip_Clock_GetRTCOscRate
                0x00001a7c       0x14 /home/federico/Escritorio/Workspace/lpc_chip_175x_6x/Debug/liblpc_chip_175x_6x.a(clock_17xx_40xx.o)
 .text.Chip_Clock_GetMainPLLInClockRate
                0x00001a90       0x10 /home/federico/Escritorio/Workspace/lpc_chip_175x_6x/Debug/liblpc_chip_175x_6x.a(clock_17xx_40xx.o)
 .text.Chip_Clock_EnablePLL
                0x00001aa0       0x44 /home/federico/Escritorio/Workspace/lpc_chip_175x_6x/Debug/liblpc_chip_175x_6x.a(clock_17xx_40xx.o)
                0x00001aa0                Chip_Clock_EnablePLL
 .text.Chip_Clock_DisablePLL
                0x00001ae4       0x48 /home/federico/Escritorio/Workspace/lpc_chip_175x_6x/Debug/liblpc_chip_175x_6x.a(clock_17xx_40xx.o)
                0x00001ae4                Chip_Clock_DisablePLL
 .text.Chip_Clock_SetupPLL
                0x00001b2c       0x5c /home/federico/Escritorio/Workspace/lpc_chip_175x_6x/Debug/liblpc_chip_175x_6x.a(clock_17xx_40xx.o)
                0x00001b2c                Chip_Clock_SetupPLL
 .text.Chip_Clock_EnablePeriphClock
                0x00001b88       0x34 /home/federico/Escritorio/Workspace/lpc_chip_175x_6x/Debug/liblpc_chip_175x_6x.a(clock_17xx_40xx.o)
                0x00001b88                Chip_Clock_EnablePeriphClock
 .text.Chip_Clock_GetCPUClockSource
                0x00001bbc       0x24 /home/federico/Escritorio/Workspace/lpc_chip_175x_6x/Debug/liblpc_chip_175x_6x.a(clock_17xx_40xx.o)
                0x00001bbc                Chip_Clock_GetCPUClockSource
 .text.Chip_Clock_SetCPUClockDiv
                0x00001be0       0x20 /home/federico/Escritorio/Workspace/lpc_chip_175x_6x/Debug/liblpc_chip_175x_6x.a(clock_17xx_40xx.o)
                0x00001be0                Chip_Clock_SetCPUClockDiv
 .text.Chip_Clock_GetCPUClockDiv
                0x00001c00       0x1c /home/federico/Escritorio/Workspace/lpc_chip_175x_6x/Debug/liblpc_chip_175x_6x.a(clock_17xx_40xx.o)
                0x00001c00                Chip_Clock_GetCPUClockDiv
 .text.Chip_Clock_GetPCLKDiv
                0x00001c1c       0x8c /home/federico/Escritorio/Workspace/lpc_chip_175x_6x/Debug/liblpc_chip_175x_6x.a(clock_17xx_40xx.o)
                0x00001c1c                Chip_Clock_GetPCLKDiv
 .text.Chip_Clock_GetSYSCLKRate
                0x00001ca8       0x34 /home/federico/Escritorio/Workspace/lpc_chip_175x_6x/Debug/liblpc_chip_175x_6x.a(clock_17xx_40xx.o)
                0x00001ca8                Chip_Clock_GetSYSCLKRate
 .text.Chip_Clock_GetMainPLLOutClockRate
                0x00001cdc       0x54 /home/federico/Escritorio/Workspace/lpc_chip_175x_6x/Debug/liblpc_chip_175x_6x.a(clock_17xx_40xx.o)
                0x00001cdc                Chip_Clock_GetMainPLLOutClockRate
 .text.Chip_Clock_GetMainClockRate
                0x00001d30       0x28 /home/federico/Escritorio/Workspace/lpc_chip_175x_6x/Debug/liblpc_chip_175x_6x.a(clock_17xx_40xx.o)
                0x00001d30                Chip_Clock_GetMainClockRate
 .text.Chip_Clock_GetSystemClockRate
                0x00001d58       0x18 /home/federico/Escritorio/Workspace/lpc_chip_175x_6x/Debug/liblpc_chip_175x_6x.a(clock_17xx_40xx.o)
                0x00001d58                Chip_Clock_GetSystemClockRate
 .text.Chip_Clock_GetPeripheralClockRate
                0x00001d70       0x28 /home/federico/Escritorio/Workspace/lpc_chip_175x_6x/Debug/liblpc_chip_175x_6x.a(clock_17xx_40xx.o)
                0x00001d70                Chip_Clock_GetPeripheralClockRate
 .text.Chip_IOCON_PinMuxSet
                0x00001d98       0x38 /home/federico/Escritorio/Workspace/lpc_chip_175x_6x/Debug/liblpc_chip_175x_6x.a(iocon_17xx_40xx.o)
                0x00001d98                Chip_IOCON_PinMuxSet
 .text.Chip_IOCON_PinMux
                0x00001dd0       0x94 /home/federico/Escritorio/Workspace/lpc_chip_175x_6x/Debug/liblpc_chip_175x_6x.a(iocon_17xx_40xx.o)
                0x00001dd0                Chip_IOCON_PinMux
 .text.Chip_IOCON_SetPinMuxing
                0x00001e64       0x64 /home/federico/Escritorio/Workspace/lpc_chip_175x_6x/Debug/liblpc_chip_175x_6x.a(iocon_17xx_40xx.o)
                0x00001e64                Chip_IOCON_SetPinMuxing
 .text.Chip_SSP_GetStatus
                0x00001ec8       0x28 /home/federico/Escritorio/Workspace/lpc_chip_175x_6x/Debug/liblpc_chip_175x_6x.a(ssp_17xx_40xx.o)
 .text.Chip_SSP_GetRawIntStatus
                0x00001ef0       0x28 /home/federico/Escritorio/Workspace/lpc_chip_175x_6x/Debug/liblpc_chip_175x_6x.a(ssp_17xx_40xx.o)
 .text.Chip_SSP_GetDataSize
                0x00001f18       0x20 /home/federico/Escritorio/Workspace/lpc_chip_175x_6x/Debug/liblpc_chip_175x_6x.a(ssp_17xx_40xx.o)
 .text.Chip_SSP_ClearIntPending
                0x00001f38       0x1c /home/federico/Escritorio/Workspace/lpc_chip_175x_6x/Debug/liblpc_chip_175x_6x.a(ssp_17xx_40xx.o)
 .text.Chip_SSP_ReceiveFrame
                0x00001f54       0x18 /home/federico/Escritorio/Workspace/lpc_chip_175x_6x/Debug/liblpc_chip_175x_6x.a(ssp_17xx_40xx.o)
 .text.Chip_SSP_SendFrame
                0x00001f6c       0x1c /home/federico/Escritorio/Workspace/lpc_chip_175x_6x/Debug/liblpc_chip_175x_6x.a(ssp_17xx_40xx.o)
 .text.Chip_SSP_SetFormat
                0x00001f88       0x30 /home/federico/Escritorio/Workspace/lpc_chip_175x_6x/Debug/liblpc_chip_175x_6x.a(ssp_17xx_40xx.o)
 .text.Chip_SSP_Set_Mode
                0x00001fb8       0x24 /home/federico/Escritorio/Workspace/lpc_chip_175x_6x/Debug/liblpc_chip_175x_6x.a(ssp_17xx_40xx.o)
 .text.SSP_Write2BFifo
                0x00001fdc       0x48 /home/federico/Escritorio/Workspace/lpc_chip_175x_6x/Debug/liblpc_chip_175x_6x.a(ssp_17xx_40xx.o)
 .text.SSP_Write1BFifo
                0x00002024       0x48 /home/federico/Escritorio/Workspace/lpc_chip_175x_6x/Debug/liblpc_chip_175x_6x.a(ssp_17xx_40xx.o)
 .text.SSP_Read2BFifo
                0x0000206c       0x5c /home/federico/Escritorio/Workspace/lpc_chip_175x_6x/Debug/liblpc_chip_175x_6x.a(ssp_17xx_40xx.o)
 .text.SSP_Read1BFifo
                0x000020c8       0x5c /home/federico/Escritorio/Workspace/lpc_chip_175x_6x/Debug/liblpc_chip_175x_6x.a(ssp_17xx_40xx.o)
 .text.Chip_SSP_GetClockIndex
                0x00002124       0x2c /home/federico/Escritorio/Workspace/lpc_chip_175x_6x/Debug/liblpc_chip_175x_6x.a(ssp_17xx_40xx.o)
 .text.Chip_SSP_GetClkIndex
                0x00002150       0x2c /home/federico/Escritorio/Workspace/lpc_chip_175x_6x/Debug/liblpc_chip_175x_6x.a(ssp_17xx_40xx.o)
 .text.Chip_SSP_SetClockRate
                0x0000217c       0x34 /home/federico/Escritorio/Workspace/lpc_chip_175x_6x/Debug/liblpc_chip_175x_6x.a(ssp_17xx_40xx.o)
                0x0000217c                Chip_SSP_SetClockRate
 .text.Chip_SSP_RWFrames_Blocking
                0x000021b0      0x108 /home/federico/Escritorio/Workspace/lpc_chip_175x_6x/Debug/liblpc_chip_175x_6x.a(ssp_17xx_40xx.o)
                0x000021b0                Chip_SSP_RWFrames_Blocking
 .text.Chip_SSP_SetMaster
                0x000022b8       0x2c /home/federico/Escritorio/Workspace/lpc_chip_175x_6x/Debug/liblpc_chip_175x_6x.a(ssp_17xx_40xx.o)
                0x000022b8                Chip_SSP_SetMaster
 .text.Chip_SSP_SetBitRate
                0x000022e4       0x74 /home/federico/Escritorio/Workspace/lpc_chip_175x_6x/Debug/liblpc_chip_175x_6x.a(ssp_17xx_40xx.o)
                0x000022e4                Chip_SSP_SetBitRate
 .text.Chip_SSP_Init
                0x00002358       0x40 /home/federico/Escritorio/Workspace/lpc_chip_175x_6x/Debug/liblpc_chip_175x_6x.a(ssp_17xx_40xx.o)
                0x00002358                Chip_SSP_Init
 .text.Chip_Clock_IsMainPLLEnabled
                0x00002398       0x24 /home/federico/Escritorio/Workspace/lpc_chip_175x_6x/Debug/liblpc_chip_175x_6x.a(sysinit_17xx_40xx.o)
 .text.Chip_Clock_IsMainPLLLocked
                0x000023bc       0x24 /home/federico/Escritorio/Workspace/lpc_chip_175x_6x/Debug/liblpc_chip_175x_6x.a(sysinit_17xx_40xx.o)
 .text.Chip_Clock_IsMainPLLConnected
                0x000023e0       0x24 /home/federico/Escritorio/Workspace/lpc_chip_175x_6x/Debug/liblpc_chip_175x_6x.a(sysinit_17xx_40xx.o)
 .text.Chip_Clock_EnableCrystal
                0x00002404       0x20 /home/federico/Escritorio/Workspace/lpc_chip_175x_6x/Debug/liblpc_chip_175x_6x.a(sysinit_17xx_40xx.o)
 .text.Chip_Clock_IsCrystalEnabled
                0x00002424       0x24 /home/federico/Escritorio/Workspace/lpc_chip_175x_6x/Debug/liblpc_chip_175x_6x.a(sysinit_17xx_40xx.o)
 .text.Chip_Clock_SetMainPLLSource
                0x00002448       0x20 /home/federico/Escritorio/Workspace/lpc_chip_175x_6x/Debug/liblpc_chip_175x_6x.a(sysinit_17xx_40xx.o)
 .text.Chip_SetupXtalClocking
                0x00002468       0x90 /home/federico/Escritorio/Workspace/lpc_chip_175x_6x/Debug/liblpc_chip_175x_6x.a(sysinit_17xx_40xx.o)
                0x00002468                Chip_SetupXtalClocking
 .text.__main   0x000024f8       0x14 /home/federico/Programas/lpcxpresso_8.2.2_650/lpcxpresso/tools/bin/../lib/gcc/arm-none-eabi/5.4.1/../../../../arm-none-eabi/lib/armv7-m/libcr_semihost.a(_cr__main.o)
                0x000024f8                __main
                0x000024f8                __CR_SEMIHOST
 .text.memset   0x0000250c        0x4 /home/federico/Programas/lpcxpresso_8.2.2_650/lpcxpresso/tools/bin/../lib/gcc/arm-none-eabi/5.4.1/../../../../arm-none-eabi/lib/armv7-m/libcr_c.a(memset.o)
                0x0000250c                memset
 .text.malloc   0x00002510       0xc8 /home/federico/Programas/lpcxpresso_8.2.2_650/lpcxpresso/tools/bin/../lib/gcc/arm-none-eabi/5.4.1/../../../../arm-none-eabi/lib/armv7-m/libcr_c.a(alloc.o)
                0x00002510                malloc
 .text.free     0x000025d8       0x30 /home/federico/Programas/lpcxpresso_8.2.2_650/lpcxpresso/tools/bin/../lib/gcc/arm-none-eabi/5.4.1/../../../../arm-none-eabi/lib/armv7-m/libcr_c.a(alloc.o)
                0x000025d8                free
 .text._Csys_alloc
                0x00002608       0x20 /home/federico/Programas/lpcxpresso_8.2.2_650/lpcxpresso/tools/bin/../lib/gcc/arm-none-eabi/5.4.1/../../../../arm-none-eabi/lib/armv7-m/libcr_c.a(alloc.o)
                0x00002608                _Csys_alloc
 .text._initio  0x00002628       0xa4 /home/federico/Programas/lpcxpresso_8.2.2_650/lpcxpresso/tools/bin/../lib/gcc/arm-none-eabi/5.4.1/../../../../arm-none-eabi/lib/armv7-m/libcr_c.a(initio.o)
                0x00002628                _initio
 .text.setvbuf  0x000026cc       0x40 /home/federico/Programas/lpcxpresso_8.2.2_650/lpcxpresso/tools/bin/../lib/gcc/arm-none-eabi/5.4.1/../../../../arm-none-eabi/lib/armv7-m/libcr_c.a(setvbuf.o)
                0x000026cc                setvbuf
 .text._sbrk    0x0000270c       0x40 /home/federico/Programas/lpcxpresso_8.2.2_650/lpcxpresso/tools/bin/../lib/gcc/arm-none-eabi/5.4.1/../../../../arm-none-eabi/lib/armv7-m/libcr_c.a(_cr_sbrk.o)
                0x0000270c                _sbrk
 .text._deferredlazyseek
                0x0000274c       0x44 /home/federico/Programas/lpcxpresso_8.2.2_650/lpcxpresso/tools/bin/../lib/gcc/arm-none-eabi/5.4.1/../../../../arm-none-eabi/lib/armv7-m/libcr_c.a(_deferredlazyseek.o)
                0x0000274c                _deferredlazyseek
 .text._fdopen  0x00002790       0x6a /home/federico/Programas/lpcxpresso_8.2.2_650/lpcxpresso/tools/bin/../lib/gcc/arm-none-eabi/5.4.1/../../../../arm-none-eabi/lib/armv7-m/libcr_c.a(_fdopen.o)
                0x00002790                _fdopen
 .text._fflush  0x000027fa       0x58 /home/federico/Programas/lpcxpresso_8.2.2_650/lpcxpresso/tools/bin/../lib/gcc/arm-none-eabi/5.4.1/../../../../arm-none-eabi/lib/armv7-m/libcr_c.a(_fflush.o)
                0x000027fa                _fflush
 *fill*         0x00002852        0x2 ff
 .text._Cwritebuf
                0x00002854       0x68 /home/federico/Programas/lpcxpresso_8.2.2_650/lpcxpresso/tools/bin/../lib/gcc/arm-none-eabi/5.4.1/../../../../arm-none-eabi/lib/armv7-m/libcr_c.a(_writebuf.o)
                0x00002854                _Cwritebuf
 .text.fclose   0x000028bc       0x6c /home/federico/Programas/lpcxpresso_8.2.2_650/lpcxpresso/tools/bin/../lib/gcc/arm-none-eabi/5.4.1/../../../../arm-none-eabi/lib/armv7-m/libcr_c.a(fclose.o)
                0x000028bc                fclose
 .text.fflush   0x00002928       0x30 /home/federico/Programas/lpcxpresso_8.2.2_650/lpcxpresso/tools/bin/../lib/gcc/arm-none-eabi/5.4.1/../../../../arm-none-eabi/lib/armv7-m/libcr_c.a(fflush.o)
                0x00002928                fflush
 .text.fseek    0x00002958      0x110 /home/federico/Programas/lpcxpresso_8.2.2_650/lpcxpresso/tools/bin/../lib/gcc/arm-none-eabi/5.4.1/../../../../arm-none-eabi/lib/armv7-m/libcr_c.a(fseek.o)
                0x00002958                fseek
 .text.ftell    0x00002a68       0x4c /home/federico/Programas/lpcxpresso_8.2.2_650/lpcxpresso/tools/bin/../lib/gcc/arm-none-eabi/5.4.1/../../../../arm-none-eabi/lib/armv7-m/libcr_c.a(ftell.o)
                0x00002a68                ftell
 .text.remove   0x00002ab4       0x14 /home/federico/Programas/lpcxpresso_8.2.2_650/lpcxpresso/tools/bin/../lib/gcc/arm-none-eabi/5.4.1/../../../../arm-none-eabi/lib/armv7-m/libcr_c.a(remove.o)
                0x00002ab4                remove
 .text.strlen   0x00002ac8       0x4a /home/federico/Programas/lpcxpresso_8.2.2_650/lpcxpresso/tools/bin/../lib/gcc/arm-none-eabi/5.4.1/../../../../arm-none-eabi/lib/armv7-m/libcr_c.a(strlen.o)
                0x00002ac8                strlen
 *fill*         0x00002b12        0x2 ff
 .text.__check_heap_overflow
                0x00002b14       0x18 /home/federico/Programas/lpcxpresso_8.2.2_650/lpcxpresso/tools/bin/../lib/gcc/arm-none-eabi/5.4.1/../../../../arm-none-eabi/lib/armv7-m/libcr_c.a(_cr_check_heap.o)
                0x00002b14                __check_heap_overflow
 .text._do_fflush
                0x00002b2c       0x44 /home/federico/Programas/lpcxpresso_8.2.2_650/lpcxpresso/tools/bin/../lib/gcc/arm-none-eabi/5.4.1/../../../../arm-none-eabi/lib/armv7-m/libcr_c.a(_do_fflush.o)
                0x00002b2c                _do_fflush
 .text.__aeabi_memset_lowlevel
                0x00002b70       0x32 /home/federico/Programas/lpcxpresso_8.2.2_650/lpcxpresso/tools/bin/../lib/gcc/arm-none-eabi/5.4.1/armv7-m/libcr_eabihelpers.a(memcpy.o)
                0x00002b70                __aeabi_lowlevel_memset
 *fill*         0x00002ba2        0x2 ff
 .text.__sys_appexit
                0x00002ba4        0xc /home/federico/Programas/lpcxpresso_8.2.2_650/lpcxpresso/tools/bin/../lib/gcc/arm-none-eabi/5.4.1/../../../../arm-none-eabi/lib/armv7-m/libcr_semihost.a(__sys_appexit.o)
                0x00002ba4                __exit
                0x00002ba4                __sys_appexit
 .text.__sys_close
                0x00002bb0        0xc /home/federico/Programas/lpcxpresso_8.2.2_650/lpcxpresso/tools/bin/../lib/gcc/arm-none-eabi/5.4.1/../../../../arm-none-eabi/lib/armv7-m/libcr_semihost.a(__sys_close.o)
                0x00002bb0                __sys_close
 .text.__sys_flen
                0x00002bbc        0xc /home/federico/Programas/lpcxpresso_8.2.2_650/lpcxpresso/tools/bin/../lib/gcc/arm-none-eabi/5.4.1/../../../../arm-none-eabi/lib/armv7-m/libcr_semihost.a(__sys_flen.o)
                0x00002bbc                __sys_flen
 .text.__sys_istty
                0x00002bc8        0xc /home/federico/Programas/lpcxpresso_8.2.2_650/lpcxpresso/tools/bin/../lib/gcc/arm-none-eabi/5.4.1/../../../../arm-none-eabi/lib/armv7-m/libcr_semihost.a(__sys_istty.o)
                0x00002bc8                __sys_istty
 .text.__sys_remove
                0x00002bd4        0xc /home/federico/Programas/lpcxpresso_8.2.2_650/lpcxpresso/tools/bin/../lib/gcc/arm-none-eabi/5.4.1/../../../../arm-none-eabi/lib/armv7-m/libcr_semihost.a(__sys_remove.o)
                0x00002bd4                __sys_remove
 .text.__sys_seek
                0x00002be0        0xc /home/federico/Programas/lpcxpresso_8.2.2_650/lpcxpresso/tools/bin/../lib/gcc/arm-none-eabi/5.4.1/../../../../arm-none-eabi/lib/armv7-m/libcr_semihost.a(__sys_seek.o)
                0x00002be0                __sys_seek
 .text.__sys_tmpnam
                0x00002bec        0xc /home/federico/Programas/lpcxpresso_8.2.2_650/lpcxpresso/tools/bin/../lib/gcc/arm-none-eabi/5.4.1/../../../../arm-none-eabi/lib/armv7-m/libcr_semihost.a(__sys_tmpnam.o)
                0x00002bec                __sys_tmpnam
 .text.__sys_write
                0x00002bf8        0xc /home/federico/Programas/lpcxpresso_8.2.2_650/lpcxpresso/tools/bin/../lib/gcc/arm-none-eabi/5.4.1/../../../../arm-none-eabi/lib/armv7-m/libcr_semihost.a(__sys_write.o)
                0x00002bf8                __write
                0x00002bf8                __sys_write
 *(.rodata .rodata.* .constdata .constdata.*)
 .rodata        0x00002c04       0x1b ./src/AD7124_MYFUNC.o
 *fill*         0x00002c1f        0x1 ff
 .rodata        0x00002c20        0x5 /home/federico/Escritorio/Workspace/LibFreeRTOS_8.2.3/Debug/libLibFreeRTOS_8.2.3.a(tasks.o)
 *fill*         0x00002c25        0x3 ff
 .rodata.OscRateIn
                0x00002c28        0x4 /home/federico/Escritorio/Workspace/LPC_BaseBoardBB1769_R02/Debug/libLPC_BaseBoardBB1769_R02.a(board.o)
                0x00002c28                OscRateIn
 .rodata.RTCOscRateIn
                0x00002c2c        0x4 /home/federico/Escritorio/Workspace/LPC_BaseBoardBB1769_R02/Debug/libLPC_BaseBoardBB1769_R02.a(board.o)
                0x00002c2c                RTCOscRateIn
 .rodata.pinmuxing
                0x00002c30       0x3c /home/federico/Escritorio/Workspace/LPC_BaseBoardBB1769_R02/Debug/libLPC_BaseBoardBB1769_R02.a(board_sysinit.o)
 .rodata.str1.1
                0x00002c6c       0x18 /home/federico/Programas/lpcxpresso_8.2.2_650/lpcxpresso/tools/bin/../lib/gcc/arm-none-eabi/5.4.1/../../../../arm-none-eabi/lib/armv7-m/libcr_c.a(alloc.o)
 .rodata.str1.1
                0x00002c84        0x4 /home/federico/Programas/lpcxpresso_8.2.2_650/lpcxpresso/tools/bin/../lib/gcc/arm-none-eabi/5.4.1/../../../../arm-none-eabi/lib/armv7-m/libcr_c.a(initio.o)
                0x00002c88                . = ALIGN (0x4)

.glue_7         0x00002c88        0x0
 .glue_7        0x00002c88        0x0 linker stubs

.glue_7t        0x00002c88        0x0
 .glue_7t       0x00002c88        0x0 linker stubs

.vfp11_veneer   0x00002c88        0x0
 .vfp11_veneer  0x00002c88        0x0 linker stubs

.v4_bx          0x00002c88        0x0
 .v4_bx         0x00002c88        0x0 linker stubs

.iplt           0x00002c88        0x0
 .iplt          0x00002c88        0x0 ./src/AD7124_MYFUNC.o

.rel.dyn        0x00002c88        0x0
 .rel.iplt      0x00002c88        0x0 ./src/AD7124_MYFUNC.o

.ARM.extab
 *(.ARM.extab* .gnu.linkonce.armextab.*)
                0x00002c88                __exidx_start = .

.ARM.exidx
 *(.ARM.exidx* .gnu.linkonce.armexidx.*)
                0x00002c88                __exidx_end = .
                0x00002c88                _etext = .

.data_RAM2      0x2007c000        0x0 load address 0x00002c88
 FILL mask 0xff
                [!provide]                PROVIDE (__start_data_RAM2, .)
 *(.ramfunc.$RAM2)
 *(.ramfunc.$RamAHB32)
 *(.data.$RAM2*)
 *(.data.$RamAHB32*)
                0x2007c000                . = ALIGN (0x4)
                [!provide]                PROVIDE (__end_data_RAM2, .)

.uninit_RESERVED
                0x10000000        0x0
 *(.bss.$RESERVED*)
                0x10000000                . = ALIGN (0x4)
                0x10000000                _end_uninit_RESERVED = .

.data           0x10000000        0x4 load address 0x00002c88
 FILL mask 0xff
                0x10000000                _data = .
 *(vtable)
 *(.ramfunc*)
 *(.data*)
 .data.uxCriticalNesting
                0x10000000        0x4 /home/federico/Escritorio/Workspace/LibFreeRTOS_8.2.3/Debug/libLibFreeRTOS_8.2.3.a(port.o)
                0x10000004                . = ALIGN (0x4)
                0x10000004                _edata = .

.igot.plt       0x10000004        0x0 load address 0x00002c8c
 .igot.plt      0x10000004        0x0 ./src/AD7124_MYFUNC.o

.bss_RAM2       0x2007c000        0x0
                [!provide]                PROVIDE (__start_bss_RAM2, .)
 *(.bss.$RAM2*)
 *(.bss.$RamAHB32*)
                0x2007c000                . = ALIGN ((. != 0x0)?0x4:0x1)
                [!provide]                PROVIDE (__end_bss_RAM2, .)

.bss            0x10000004     0x2a98
                0x10000004                _bss = .
 *(.bss*)
 .bss.pxCurrentTCB
                0x10000004        0x4 /home/federico/Escritorio/Workspace/LibFreeRTOS_8.2.3/Debug/libLibFreeRTOS_8.2.3.a(tasks.o)
                0x10000004                pxCurrentTCB
 .bss.pxReadyTasksLists
                0x10000008       0xa0 /home/federico/Escritorio/Workspace/LibFreeRTOS_8.2.3/Debug/libLibFreeRTOS_8.2.3.a(tasks.o)
 .bss.xDelayedTaskList1
                0x100000a8       0x14 /home/federico/Escritorio/Workspace/LibFreeRTOS_8.2.3/Debug/libLibFreeRTOS_8.2.3.a(tasks.o)
 .bss.xDelayedTaskList2
                0x100000bc       0x14 /home/federico/Escritorio/Workspace/LibFreeRTOS_8.2.3/Debug/libLibFreeRTOS_8.2.3.a(tasks.o)
 .bss.pxDelayedTaskList
                0x100000d0        0x4 /home/federico/Escritorio/Workspace/LibFreeRTOS_8.2.3/Debug/libLibFreeRTOS_8.2.3.a(tasks.o)
 .bss.pxOverflowDelayedTaskList
                0x100000d4        0x4 /home/federico/Escritorio/Workspace/LibFreeRTOS_8.2.3/Debug/libLibFreeRTOS_8.2.3.a(tasks.o)
 .bss.xPendingReadyList
                0x100000d8       0x14 /home/federico/Escritorio/Workspace/LibFreeRTOS_8.2.3/Debug/libLibFreeRTOS_8.2.3.a(tasks.o)
 .bss.xTasksWaitingTermination
                0x100000ec       0x14 /home/federico/Escritorio/Workspace/LibFreeRTOS_8.2.3/Debug/libLibFreeRTOS_8.2.3.a(tasks.o)
 .bss.uxTasksDeleted
                0x10000100        0x4 /home/federico/Escritorio/Workspace/LibFreeRTOS_8.2.3/Debug/libLibFreeRTOS_8.2.3.a(tasks.o)
 .bss.xSuspendedTaskList
                0x10000104       0x14 /home/federico/Escritorio/Workspace/LibFreeRTOS_8.2.3/Debug/libLibFreeRTOS_8.2.3.a(tasks.o)
 .bss.uxCurrentNumberOfTasks
                0x10000118        0x4 /home/federico/Escritorio/Workspace/LibFreeRTOS_8.2.3/Debug/libLibFreeRTOS_8.2.3.a(tasks.o)
 .bss.xTickCount
                0x1000011c        0x4 /home/federico/Escritorio/Workspace/LibFreeRTOS_8.2.3/Debug/libLibFreeRTOS_8.2.3.a(tasks.o)
 .bss.uxTopReadyPriority
                0x10000120        0x4 /home/federico/Escritorio/Workspace/LibFreeRTOS_8.2.3/Debug/libLibFreeRTOS_8.2.3.a(tasks.o)
 .bss.xSchedulerRunning
                0x10000124        0x4 /home/federico/Escritorio/Workspace/LibFreeRTOS_8.2.3/Debug/libLibFreeRTOS_8.2.3.a(tasks.o)
 .bss.uxPendedTicks
                0x10000128        0x4 /home/federico/Escritorio/Workspace/LibFreeRTOS_8.2.3/Debug/libLibFreeRTOS_8.2.3.a(tasks.o)
 .bss.xYieldPending
                0x1000012c        0x4 /home/federico/Escritorio/Workspace/LibFreeRTOS_8.2.3/Debug/libLibFreeRTOS_8.2.3.a(tasks.o)
 .bss.xNumOfOverflows
                0x10000130        0x4 /home/federico/Escritorio/Workspace/LibFreeRTOS_8.2.3/Debug/libLibFreeRTOS_8.2.3.a(tasks.o)
 .bss.uxTaskNumber
                0x10000134        0x4 /home/federico/Escritorio/Workspace/LibFreeRTOS_8.2.3/Debug/libLibFreeRTOS_8.2.3.a(tasks.o)
 .bss.xNextTaskUnblockTime
                0x10000138        0x4 /home/federico/Escritorio/Workspace/LibFreeRTOS_8.2.3/Debug/libLibFreeRTOS_8.2.3.a(tasks.o)
 .bss.uxSchedulerSuspended
                0x1000013c        0x4 /home/federico/Escritorio/Workspace/LibFreeRTOS_8.2.3/Debug/libLibFreeRTOS_8.2.3.a(tasks.o)
 .bss.ucHeap    0x10000140     0x2800 /home/federico/Escritorio/Workspace/LibFreeRTOS_8.2.3/Debug/libLibFreeRTOS_8.2.3.a(heap_1.o)
 .bss.xNextFreeByte
                0x10002940        0x4 /home/federico/Escritorio/Workspace/LibFreeRTOS_8.2.3/Debug/libLibFreeRTOS_8.2.3.a(heap_1.o)
 .bss.pucAlignedHeap.7656
                0x10002944        0x4 /home/federico/Escritorio/Workspace/LibFreeRTOS_8.2.3/Debug/libLibFreeRTOS_8.2.3.a(heap_1.o)
 .bss._extra    0x10002948        0x4 /home/federico/Programas/lpcxpresso_8.2.2_650/lpcxpresso/tools/bin/../lib/gcc/arm-none-eabi/5.4.1/../../../../arm-none-eabi/lib/armv7-m/libcr_c.a(initio.o)
                0x10002948                _extra
 .bss.__Ciob    0x1000294c      0x140 /home/federico/Programas/lpcxpresso_8.2.2_650/lpcxpresso/tools/bin/../lib/gcc/arm-none-eabi/5.4.1/../../../../arm-none-eabi/lib/armv7-m/libcr_c.a(stdio.o)
                0x1000294c                __Ciob
 .bss.__heaps   0x10002a8c        0x4 /home/federico/Programas/lpcxpresso_8.2.2_650/lpcxpresso/tools/bin/../lib/gcc/arm-none-eabi/5.4.1/../../../../arm-none-eabi/lib/armv7-m/libcr_c.a(__init_alloc.o)
                0x10002a8c                __heaps
 .bss.__end_of_heap
                0x10002a90        0x4 /home/federico/Programas/lpcxpresso_8.2.2_650/lpcxpresso/tools/bin/../lib/gcc/arm-none-eabi/5.4.1/../../../../arm-none-eabi/lib/armv7-m/libcr_c.a(__init_alloc.o)
                0x10002a90                __end_of_heap
 .bss.errno     0x10002a94        0x4 /home/federico/Programas/lpcxpresso_8.2.2_650/lpcxpresso/tools/bin/../lib/gcc/arm-none-eabi/5.4.1/../../../../arm-none-eabi/lib/armv7-m/libcr_c.a(errno.o)
                0x10002a94                errno
 *(COMMON)
 COMMON         0x10002a98        0x4 /home/federico/Escritorio/Workspace/lpc_chip_175x_6x/Debug/liblpc_chip_175x_6x.a(chip_17xx_40xx.o)
                0x10002a98                SystemCoreClock
                0x10002a9c                . = ALIGN (0x4)
                0x10002a9c                _ebss = .
                [!provide]                PROVIDE (end, .)

.noinit_RAM2    0x2007c000        0x0
 *(.noinit.$RAM2*)
 *(.noinit.$RamAHB32*)
                0x2007c000                . = ALIGN (0x4)

.noinit         0x10002a9c        0x0
                0x10002a9c                _noinit = .
 *(.noinit*)
                0x10002a9c                . = ALIGN (0x4)
                0x10002a9c                _end_noinit = .
                0x10002a9c                PROVIDE (_pvHeapStart, DEFINED (__user_heap_base)?__user_heap_base:.)
                0x10008000                PROVIDE (_vStackTop, DEFINED (__user_stack_top)?__user_stack_top:(__top_RamLoc32 - 0x0))
                0xefff74b2                PROVIDE (__valid_user_code_checksum, (0x0 - ((((((_vStackTop + (ResetISR + 0x1)) + (NMI_Handler + 0x1)) + (HardFault_Handler + 0x1)) + (DEFINED (MemManage_Handler)?MemManage_Handler:0x0 + 0x1)) + (DEFINED (BusFault_Handler)?BusFault_Handler:0x0 + 0x1)) + (DEFINED (UsageFault_Handler)?UsageFault_Handler:0x0 + 0x1))))
OUTPUT(AD7124_MYFUNC.axf elf32-littlearm)

.debug_info     0x00000000     0x7aff
 .debug_info    0x00000000      0x659 ./src/AD7124_MYFUNC.o
 .debug_info    0x00000659     0x172b ./src/ad7124.o
 .debug_info    0x00001d84      0x253 ./src/cr_startup_lpc175x_6x.o
 .debug_info    0x00001fd7      0x110 ./src/sysinit.o
 .debug_info    0x000020e7     0x1699 /home/federico/Escritorio/Workspace/LibFreeRTOS_8.2.3/Debug/libLibFreeRTOS_8.2.3.a(tasks.o)
 .debug_info    0x00003780      0x24b /home/federico/Escritorio/Workspace/LibFreeRTOS_8.2.3/Debug/libLibFreeRTOS_8.2.3.a(heap_1.o)
 .debug_info    0x000039cb      0x31d /home/federico/Escritorio/Workspace/LibFreeRTOS_8.2.3/Debug/libLibFreeRTOS_8.2.3.a(port.o)
 .debug_info    0x00003ce8      0x2df /home/federico/Escritorio/Workspace/LibFreeRTOS_8.2.3/Debug/libLibFreeRTOS_8.2.3.a(list.o)
 .debug_info    0x00003fc7     0x1214 /home/federico/Escritorio/Workspace/LPC_BaseBoardBB1769_R02/Debug/libLPC_BaseBoardBB1769_R02.a(board.o)
 .debug_info    0x000051db      0x591 /home/federico/Escritorio/Workspace/LPC_BaseBoardBB1769_R02/Debug/libLPC_BaseBoardBB1769_R02.a(board_sysinit.o)
 .debug_info    0x0000576c      0x51e /home/federico/Escritorio/Workspace/lpc_chip_175x_6x/Debug/liblpc_chip_175x_6x.a(chip_17xx_40xx.o)
 .debug_info    0x00005c8a      0xb62 /home/federico/Escritorio/Workspace/lpc_chip_175x_6x/Debug/liblpc_chip_175x_6x.a(clock_17xx_40xx.o)
 .debug_info    0x000067ec      0x2e9 /home/federico/Escritorio/Workspace/lpc_chip_175x_6x/Debug/liblpc_chip_175x_6x.a(iocon_17xx_40xx.o)
 .debug_info    0x00006ad5      0xbf1 /home/federico/Escritorio/Workspace/lpc_chip_175x_6x/Debug/liblpc_chip_175x_6x.a(ssp_17xx_40xx.o)
 .debug_info    0x000076c6      0x439 /home/federico/Escritorio/Workspace/lpc_chip_175x_6x/Debug/liblpc_chip_175x_6x.a(sysinit_17xx_40xx.o)

.debug_abbrev   0x00000000     0x19f4
 .debug_abbrev  0x00000000      0x180 ./src/AD7124_MYFUNC.o
 .debug_abbrev  0x00000180      0x307 ./src/ad7124.o
 .debug_abbrev  0x00000487       0xf5 ./src/cr_startup_lpc175x_6x.o
 .debug_abbrev  0x0000057c       0xa3 ./src/sysinit.o
 .debug_abbrev  0x0000061f      0x2ac /home/federico/Escritorio/Workspace/LibFreeRTOS_8.2.3/Debug/libLibFreeRTOS_8.2.3.a(tasks.o)
 .debug_abbrev  0x000008cb      0x137 /home/federico/Escritorio/Workspace/LibFreeRTOS_8.2.3/Debug/libLibFreeRTOS_8.2.3.a(heap_1.o)
 .debug_abbrev  0x00000a02      0x1ab /home/federico/Escritorio/Workspace/LibFreeRTOS_8.2.3/Debug/libLibFreeRTOS_8.2.3.a(port.o)
 .debug_abbrev  0x00000bad       0xec /home/federico/Escritorio/Workspace/LibFreeRTOS_8.2.3/Debug/libLibFreeRTOS_8.2.3.a(list.o)
 .debug_abbrev  0x00000c99      0x2e4 /home/federico/Escritorio/Workspace/LPC_BaseBoardBB1769_R02/Debug/libLPC_BaseBoardBB1769_R02.a(board.o)
 .debug_abbrev  0x00000f7d      0x15c /home/federico/Escritorio/Workspace/LPC_BaseBoardBB1769_R02/Debug/libLPC_BaseBoardBB1769_R02.a(board_sysinit.o)
 .debug_abbrev  0x000010d9      0x13c /home/federico/Escritorio/Workspace/lpc_chip_175x_6x/Debug/liblpc_chip_175x_6x.a(chip_17xx_40xx.o)
 .debug_abbrev  0x00001215      0x2ec /home/federico/Escritorio/Workspace/lpc_chip_175x_6x/Debug/liblpc_chip_175x_6x.a(clock_17xx_40xx.o)
 .debug_abbrev  0x00001501      0x126 /home/federico/Escritorio/Workspace/lpc_chip_175x_6x/Debug/liblpc_chip_175x_6x.a(iocon_17xx_40xx.o)
 .debug_abbrev  0x00001627      0x258 /home/federico/Escritorio/Workspace/lpc_chip_175x_6x/Debug/liblpc_chip_175x_6x.a(ssp_17xx_40xx.o)
 .debug_abbrev  0x0000187f      0x175 /home/federico/Escritorio/Workspace/lpc_chip_175x_6x/Debug/liblpc_chip_175x_6x.a(sysinit_17xx_40xx.o)

.debug_aranges  0x00000000      0x928
 .debug_aranges
                0x00000000       0x58 ./src/AD7124_MYFUNC.o
 .debug_aranges
                0x00000058      0x138 ./src/ad7124.o
 .debug_aranges
                0x00000190       0x80 ./src/cr_startup_lpc175x_6x.o
 .debug_aranges
                0x00000210       0x20 ./src/sysinit.o
 .debug_aranges
                0x00000230      0x1b8 /home/federico/Escritorio/Workspace/LibFreeRTOS_8.2.3/Debug/libLibFreeRTOS_8.2.3.a(tasks.o)
 .debug_aranges
                0x000003e8       0x38 /home/federico/Escritorio/Workspace/LibFreeRTOS_8.2.3/Debug/libLibFreeRTOS_8.2.3.a(heap_1.o)
 .debug_aranges
                0x00000420       0x88 /home/federico/Escritorio/Workspace/LibFreeRTOS_8.2.3/Debug/libLibFreeRTOS_8.2.3.a(port.o)
 .debug_aranges
                0x000004a8       0x40 /home/federico/Escritorio/Workspace/LibFreeRTOS_8.2.3/Debug/libLibFreeRTOS_8.2.3.a(list.o)
 .debug_aranges
                0x000004e8      0x138 /home/federico/Escritorio/Workspace/LPC_BaseBoardBB1769_R02/Debug/libLPC_BaseBoardBB1769_R02.a(board.o)
 .debug_aranges
                0x00000620       0x38 /home/federico/Escritorio/Workspace/LPC_BaseBoardBB1769_R02/Debug/libLPC_BaseBoardBB1769_R02.a(board_sysinit.o)
 .debug_aranges
                0x00000658       0x38 /home/federico/Escritorio/Workspace/lpc_chip_175x_6x/Debug/liblpc_chip_175x_6x.a(chip_17xx_40xx.o)
 .debug_aranges
                0x00000690      0x120 /home/federico/Escritorio/Workspace/lpc_chip_175x_6x/Debug/liblpc_chip_175x_6x.a(clock_17xx_40xx.o)
 .debug_aranges
                0x000007b0       0x30 /home/federico/Escritorio/Workspace/lpc_chip_175x_6x/Debug/liblpc_chip_175x_6x.a(iocon_17xx_40xx.o)
 .debug_aranges
                0x000007e0       0xe8 /home/federico/Escritorio/Workspace/lpc_chip_175x_6x/Debug/liblpc_chip_175x_6x.a(ssp_17xx_40xx.o)
 .debug_aranges
                0x000008c8       0x60 /home/federico/Escritorio/Workspace/lpc_chip_175x_6x/Debug/liblpc_chip_175x_6x.a(sysinit_17xx_40xx.o)

.debug_ranges   0x00000000      0x850
 .debug_ranges  0x00000000       0x48 ./src/AD7124_MYFUNC.o
 .debug_ranges  0x00000048      0x140 ./src/ad7124.o
 .debug_ranges  0x00000188       0x70 ./src/cr_startup_lpc175x_6x.o
 .debug_ranges  0x000001f8       0x10 ./src/sysinit.o
 .debug_ranges  0x00000208      0x1a8 /home/federico/Escritorio/Workspace/LibFreeRTOS_8.2.3/Debug/libLibFreeRTOS_8.2.3.a(tasks.o)
 .debug_ranges  0x000003b0       0x28 /home/federico/Escritorio/Workspace/LibFreeRTOS_8.2.3/Debug/libLibFreeRTOS_8.2.3.a(heap_1.o)
 .debug_ranges  0x000003d8       0x78 /home/federico/Escritorio/Workspace/LibFreeRTOS_8.2.3/Debug/libLibFreeRTOS_8.2.3.a(port.o)
 .debug_ranges  0x00000450       0x30 /home/federico/Escritorio/Workspace/LibFreeRTOS_8.2.3/Debug/libLibFreeRTOS_8.2.3.a(list.o)
 .debug_ranges  0x00000480      0x128 /home/federico/Escritorio/Workspace/LPC_BaseBoardBB1769_R02/Debug/libLPC_BaseBoardBB1769_R02.a(board.o)
 .debug_ranges  0x000005a8       0x28 /home/federico/Escritorio/Workspace/LPC_BaseBoardBB1769_R02/Debug/libLPC_BaseBoardBB1769_R02.a(board_sysinit.o)
 .debug_ranges  0x000005d0       0x28 /home/federico/Escritorio/Workspace/lpc_chip_175x_6x/Debug/liblpc_chip_175x_6x.a(chip_17xx_40xx.o)
 .debug_ranges  0x000005f8      0x110 /home/federico/Escritorio/Workspace/lpc_chip_175x_6x/Debug/liblpc_chip_175x_6x.a(clock_17xx_40xx.o)
 .debug_ranges  0x00000708       0x20 /home/federico/Escritorio/Workspace/lpc_chip_175x_6x/Debug/liblpc_chip_175x_6x.a(iocon_17xx_40xx.o)
 .debug_ranges  0x00000728       0xd8 /home/federico/Escritorio/Workspace/lpc_chip_175x_6x/Debug/liblpc_chip_175x_6x.a(ssp_17xx_40xx.o)
 .debug_ranges  0x00000800       0x50 /home/federico/Escritorio/Workspace/lpc_chip_175x_6x/Debug/liblpc_chip_175x_6x.a(sysinit_17xx_40xx.o)

.debug_macro    0x00000000     0x7b32
 .debug_macro   0x00000000      0x2e2 ./src/AD7124_MYFUNC.o
 .debug_macro   0x000002e2      0x88c ./src/AD7124_MYFUNC.o
 .debug_macro   0x00000b6e       0x10 ./src/AD7124_MYFUNC.o
 .debug_macro   0x00000b7e      0x12d ./src/AD7124_MYFUNC.o
 .debug_macro   0x00000cab       0x16 ./src/AD7124_MYFUNC.o
 .debug_macro   0x00000cc1      0x5b2 ./src/AD7124_MYFUNC.o
 .debug_macro   0x00001273       0x22 ./src/AD7124_MYFUNC.o
 .debug_macro   0x00001295       0x74 ./src/AD7124_MYFUNC.o
 .debug_macro   0x00001309       0x10 ./src/AD7124_MYFUNC.o
 .debug_macro   0x00001319       0x2d ./src/AD7124_MYFUNC.o
 .debug_macro   0x00001346       0x3a ./src/AD7124_MYFUNC.o
 .debug_macro   0x00001380       0x2d ./src/AD7124_MYFUNC.o
 .debug_macro   0x000013ad      0xbb1 ./src/AD7124_MYFUNC.o
 .debug_macro   0x00001f5e      0x22c ./src/AD7124_MYFUNC.o
 .debug_macro   0x0000218a       0x42 ./src/AD7124_MYFUNC.o
 .debug_macro   0x000021cc       0x52 ./src/AD7124_MYFUNC.o
 .debug_macro   0x0000221e       0x78 ./src/AD7124_MYFUNC.o
 .debug_macro   0x00002296       0x82 ./src/AD7124_MYFUNC.o
 .debug_macro   0x00002318      0x48c ./src/AD7124_MYFUNC.o
 .debug_macro   0x000027a4       0x34 ./src/AD7124_MYFUNC.o
 .debug_macro   0x000027d8      0x4c5 ./src/AD7124_MYFUNC.o
 .debug_macro   0x00002c9d      0x1b7 ./src/AD7124_MYFUNC.o
 .debug_macro   0x00002e54       0x10 ./src/AD7124_MYFUNC.o
 .debug_macro   0x00002e64      0x21b ./src/AD7124_MYFUNC.o
 .debug_macro   0x0000307f      0x1b9 ./src/AD7124_MYFUNC.o
 .debug_macro   0x00003238       0x40 ./src/AD7124_MYFUNC.o
 .debug_macro   0x00003278       0x22 ./src/AD7124_MYFUNC.o
 .debug_macro   0x0000329a      0x162 ./src/AD7124_MYFUNC.o
 .debug_macro   0x000033fc       0x94 ./src/AD7124_MYFUNC.o
 .debug_macro   0x00003490       0xb8 ./src/AD7124_MYFUNC.o
 .debug_macro   0x00003548       0x4c ./src/AD7124_MYFUNC.o
 .debug_macro   0x00003594       0x16 ./src/AD7124_MYFUNC.o
 .debug_macro   0x000035aa      0x328 ./src/AD7124_MYFUNC.o
 .debug_macro   0x000038d2       0x49 ./src/AD7124_MYFUNC.o
 .debug_macro   0x0000391b       0x16 ./src/AD7124_MYFUNC.o
 .debug_macro   0x00003931       0xca ./src/AD7124_MYFUNC.o
 .debug_macro   0x000039fb       0x11 ./src/AD7124_MYFUNC.o
 .debug_macro   0x00003a0c       0xbe ./src/AD7124_MYFUNC.o
 .debug_macro   0x00003aca       0x9a ./src/AD7124_MYFUNC.o
 .debug_macro   0x00003b64       0x20 ./src/AD7124_MYFUNC.o
 .debug_macro   0x00003b84       0x28 ./src/AD7124_MYFUNC.o
 .debug_macro   0x00003bac       0xe8 ./src/AD7124_MYFUNC.o
 .debug_macro   0x00003c94      0x15d ./src/AD7124_MYFUNC.o
 .debug_macro   0x00003df1       0xd2 ./src/AD7124_MYFUNC.o
 .debug_macro   0x00003ec3       0x10 ./src/AD7124_MYFUNC.o
 .debug_macro   0x00003ed3       0x1f ./src/AD7124_MYFUNC.o
 .debug_macro   0x00003ef2      0x3d1 ./src/AD7124_MYFUNC.o
 .debug_macro   0x000042c3       0xc0 ./src/AD7124_MYFUNC.o
 .debug_macro   0x00004383       0x9a ./src/AD7124_MYFUNC.o
 .debug_macro   0x0000441d       0x1c ./src/AD7124_MYFUNC.o
 .debug_macro   0x00004439      0x56a ./src/AD7124_MYFUNC.o
 .debug_macro   0x000049a3       0x82 ./src/AD7124_MYFUNC.o
 .debug_macro   0x00004a25      0x253 ./src/ad7124.o
 .debug_macro   0x00004c78       0x28 ./src/ad7124.o
 .debug_macro   0x00004ca0       0x7a ./src/ad7124.o
 .debug_macro   0x00004d1a       0x18 ./src/ad7124.o
 .debug_macro   0x00004d32       0x1d ./src/cr_startup_lpc175x_6x.o
 .debug_macro   0x00004d4f      0x217 ./src/sysinit.o
 .debug_macro   0x00004f66       0x7b ./src/sysinit.o
 .debug_macro   0x00004fe1      0x33f /home/federico/Escritorio/Workspace/LibFreeRTOS_8.2.3/Debug/libLibFreeRTOS_8.2.3.a(tasks.o)
 .debug_macro   0x00005320      0x874 /home/federico/Escritorio/Workspace/LibFreeRTOS_8.2.3/Debug/libLibFreeRTOS_8.2.3.a(tasks.o)
 .debug_macro   0x00005b94       0x76 /home/federico/Escritorio/Workspace/LibFreeRTOS_8.2.3/Debug/libLibFreeRTOS_8.2.3.a(tasks.o)
 .debug_macro   0x00005c0a       0x20 /home/federico/Escritorio/Workspace/LibFreeRTOS_8.2.3/Debug/libLibFreeRTOS_8.2.3.a(tasks.o)
 .debug_macro   0x00005c2a       0x91 /home/federico/Escritorio/Workspace/LibFreeRTOS_8.2.3/Debug/libLibFreeRTOS_8.2.3.a(tasks.o)
 .debug_macro   0x00005cbb       0x11 /home/federico/Escritorio/Workspace/LibFreeRTOS_8.2.3/Debug/libLibFreeRTOS_8.2.3.a(tasks.o)
 .debug_macro   0x00005ccc      0x2bb /home/federico/Escritorio/Workspace/LibFreeRTOS_8.2.3/Debug/libLibFreeRTOS_8.2.3.a(heap_1.o)
 .debug_macro   0x00005f87      0x333 /home/federico/Escritorio/Workspace/LibFreeRTOS_8.2.3/Debug/libLibFreeRTOS_8.2.3.a(port.o)
 .debug_macro   0x000062ba      0x29a /home/federico/Escritorio/Workspace/LibFreeRTOS_8.2.3/Debug/libLibFreeRTOS_8.2.3.a(list.o)
 .debug_macro   0x00006554      0x22e /home/federico/Escritorio/Workspace/LPC_BaseBoardBB1769_R02/Debug/libLPC_BaseBoardBB1769_R02.a(board.o)
 .debug_macro   0x00006782      0x886 /home/federico/Escritorio/Workspace/LPC_BaseBoardBB1769_R02/Debug/libLPC_BaseBoardBB1769_R02.a(board.o)
 .debug_macro   0x00007008       0x12 /home/federico/Escritorio/Workspace/LPC_BaseBoardBB1769_R02/Debug/libLPC_BaseBoardBB1769_R02.a(board.o)
 .debug_macro   0x0000701a      0x217 /home/federico/Escritorio/Workspace/LPC_BaseBoardBB1769_R02/Debug/libLPC_BaseBoardBB1769_R02.a(board_sysinit.o)
 .debug_macro   0x00007231      0x1cd /home/federico/Escritorio/Workspace/lpc_chip_175x_6x/Debug/liblpc_chip_175x_6x.a(chip_17xx_40xx.o)
 .debug_macro   0x000073fe      0x1cd /home/federico/Escritorio/Workspace/lpc_chip_175x_6x/Debug/liblpc_chip_175x_6x.a(clock_17xx_40xx.o)
 .debug_macro   0x000075cb      0x1cd /home/federico/Escritorio/Workspace/lpc_chip_175x_6x/Debug/liblpc_chip_175x_6x.a(iocon_17xx_40xx.o)
 .debug_macro   0x00007798      0x1cd /home/federico/Escritorio/Workspace/lpc_chip_175x_6x/Debug/liblpc_chip_175x_6x.a(ssp_17xx_40xx.o)
 .debug_macro   0x00007965      0x1cd /home/federico/Escritorio/Workspace/lpc_chip_175x_6x/Debug/liblpc_chip_175x_6x.a(sysinit_17xx_40xx.o)

.debug_line     0x00000000     0x5e47
 .debug_line    0x00000000      0x705 ./src/AD7124_MYFUNC.o
 .debug_line    0x00000705      0xa1c ./src/ad7124.o
 .debug_line    0x00001121       0xd5 ./src/cr_startup_lpc175x_6x.o
 .debug_line    0x000011f6      0x48b ./src/sysinit.o
 .debug_line    0x00001681      0xda2 /home/federico/Escritorio/Workspace/LibFreeRTOS_8.2.3/Debug/libLibFreeRTOS_8.2.3.a(tasks.o)
 .debug_line    0x00002423      0x5ab /home/federico/Escritorio/Workspace/LibFreeRTOS_8.2.3/Debug/libLibFreeRTOS_8.2.3.a(heap_1.o)
 .debug_line    0x000029ce      0x666 /home/federico/Escritorio/Workspace/LibFreeRTOS_8.2.3/Debug/libLibFreeRTOS_8.2.3.a(port.o)
 .debug_line    0x00003034      0x5b7 /home/federico/Escritorio/Workspace/LibFreeRTOS_8.2.3/Debug/libLibFreeRTOS_8.2.3.a(list.o)
 .debug_line    0x000035eb      0x7ad /home/federico/Escritorio/Workspace/LPC_BaseBoardBB1769_R02/Debug/libLPC_BaseBoardBB1769_R02.a(board.o)
 .debug_line    0x00003d98      0x4cb /home/federico/Escritorio/Workspace/LPC_BaseBoardBB1769_R02/Debug/libLPC_BaseBoardBB1769_R02.a(board_sysinit.o)
 .debug_line    0x00004263      0x469 /home/federico/Escritorio/Workspace/lpc_chip_175x_6x/Debug/liblpc_chip_175x_6x.a(chip_17xx_40xx.o)
 .debug_line    0x000046cc      0x6e5 /home/federico/Escritorio/Workspace/lpc_chip_175x_6x/Debug/liblpc_chip_175x_6x.a(clock_17xx_40xx.o)
 .debug_line    0x00004db1      0x455 /home/federico/Escritorio/Workspace/lpc_chip_175x_6x/Debug/liblpc_chip_175x_6x.a(iocon_17xx_40xx.o)
 .debug_line    0x00005206      0x762 /home/federico/Escritorio/Workspace/lpc_chip_175x_6x/Debug/liblpc_chip_175x_6x.a(ssp_17xx_40xx.o)
 .debug_line    0x00005968      0x4df /home/federico/Escritorio/Workspace/lpc_chip_175x_6x/Debug/liblpc_chip_175x_6x.a(sysinit_17xx_40xx.o)

.debug_str      0x00000000    0x1b67e
 .debug_str     0x00000000    0x168a3 ./src/AD7124_MYFUNC.o
                              0x169c3 (size before relaxing)
 .debug_str     0x000168a3      0x9bb ./src/ad7124.o
                              0x13818 (size before relaxing)
 .debug_str     0x0001725e      0x197 ./src/cr_startup_lpc175x_6x.o
                               0x2692 (size before relaxing)
 .debug_str     0x000173f5       0x2d ./src/sysinit.o
                              0x10b6d (size before relaxing)
 .debug_str     0x00017422     0x20ed /home/federico/Escritorio/Workspace/LibFreeRTOS_8.2.3/Debug/libLibFreeRTOS_8.2.3.a(tasks.o)
                              0x15cf2 (size before relaxing)
 .debug_str     0x0001950f       0xe4 /home/federico/Escritorio/Workspace/LibFreeRTOS_8.2.3/Debug/libLibFreeRTOS_8.2.3.a(heap_1.o)
                              0x1433a (size before relaxing)
 .debug_str     0x000195f3      0x617 /home/federico/Escritorio/Workspace/LibFreeRTOS_8.2.3/Debug/libLibFreeRTOS_8.2.3.a(port.o)
                              0x1483a (size before relaxing)
 .debug_str     0x00019c0a       0x9b /home/federico/Escritorio/Workspace/LibFreeRTOS_8.2.3/Debug/libLibFreeRTOS_8.2.3.a(list.o)
                              0x13a4b (size before relaxing)
 .debug_str     0x00019ca5      0x972 /home/federico/Escritorio/Workspace/LPC_BaseBoardBB1769_R02/Debug/libLPC_BaseBoardBB1769_R02.a(board.o)
                              0x1176c (size before relaxing)
 .debug_str     0x0001a617      0x22d /home/federico/Escritorio/Workspace/LPC_BaseBoardBB1769_R02/Debug/libLPC_BaseBoardBB1769_R02.a(board_sysinit.o)
                              0x10f71 (size before relaxing)
 .debug_str     0x0001a844       0xae /home/federico/Escritorio/Workspace/lpc_chip_175x_6x/Debug/liblpc_chip_175x_6x.a(chip_17xx_40xx.o)
                              0x10b46 (size before relaxing)
 .debug_str     0x0001a8f2      0x857 /home/federico/Escritorio/Workspace/lpc_chip_175x_6x/Debug/liblpc_chip_175x_6x.a(clock_17xx_40xx.o)
                              0x111b4 (size before relaxing)
 .debug_str     0x0001b149       0x74 /home/federico/Escritorio/Workspace/lpc_chip_175x_6x/Debug/liblpc_chip_175x_6x.a(iocon_17xx_40xx.o)
                              0x10631 (size before relaxing)
 .debug_str     0x0001b1bd      0x3fd /home/federico/Escritorio/Workspace/lpc_chip_175x_6x/Debug/liblpc_chip_175x_6x.a(ssp_17xx_40xx.o)
                              0x110b2 (size before relaxing)
 .debug_str     0x0001b5ba       0xc4 /home/federico/Escritorio/Workspace/lpc_chip_175x_6x/Debug/liblpc_chip_175x_6x.a(sysinit_17xx_40xx.o)
                              0x10819 (size before relaxing)

.comment        0x00000000      0x14c
 .comment       0x00000000       0x6e ./src/AD7124_MYFUNC.o
                                 0x6f (size before relaxing)
 .comment       0x0000006e       0x6f ./src/ad7124.o
 .comment       0x0000006e       0x6f ./src/cr_startup_lpc175x_6x.o
 .comment       0x0000006e       0x6f ./src/sysinit.o
 .comment       0x0000006e       0x70 /home/federico/Escritorio/Workspace/LibFreeRTOS_8.2.3/Debug/libLibFreeRTOS_8.2.3.a(tasks.o)
                                 0x71 (size before relaxing)
 .comment       0x000000de       0x71 /home/federico/Escritorio/Workspace/LibFreeRTOS_8.2.3/Debug/libLibFreeRTOS_8.2.3.a(heap_1.o)
 .comment       0x000000de       0x71 /home/federico/Escritorio/Workspace/LibFreeRTOS_8.2.3/Debug/libLibFreeRTOS_8.2.3.a(port.o)
 .comment       0x000000de       0x71 /home/federico/Escritorio/Workspace/LibFreeRTOS_8.2.3/Debug/libLibFreeRTOS_8.2.3.a(list.o)
 .comment       0x000000de       0x6f /home/federico/Escritorio/Workspace/LPC_BaseBoardBB1769_R02/Debug/libLPC_BaseBoardBB1769_R02.a(board.o)
 .comment       0x000000de       0x6f /home/federico/Escritorio/Workspace/LPC_BaseBoardBB1769_R02/Debug/libLPC_BaseBoardBB1769_R02.a(board_sysinit.o)
 .comment       0x000000de       0x6f /home/federico/Escritorio/Workspace/lpc_chip_175x_6x/Debug/liblpc_chip_175x_6x.a(chip_17xx_40xx.o)
 .comment       0x000000de       0x6f /home/federico/Escritorio/Workspace/lpc_chip_175x_6x/Debug/liblpc_chip_175x_6x.a(clock_17xx_40xx.o)
 .comment       0x000000de       0x6f /home/federico/Escritorio/Workspace/lpc_chip_175x_6x/Debug/liblpc_chip_175x_6x.a(iocon_17xx_40xx.o)
 .comment       0x000000de       0x6f /home/federico/Escritorio/Workspace/lpc_chip_175x_6x/Debug/liblpc_chip_175x_6x.a(ssp_17xx_40xx.o)
 .comment       0x000000de       0x6f /home/federico/Escritorio/Workspace/lpc_chip_175x_6x/Debug/liblpc_chip_175x_6x.a(sysinit_17xx_40xx.o)
 .comment       0x000000de       0x6e /home/federico/Programas/lpcxpresso_8.2.2_650/lpcxpresso/tools/bin/../lib/gcc/arm-none-eabi/5.4.1/../../../../arm-none-eabi/lib/armv7-m/libcr_semihost.a(_cr__main.o)
                                 0x6f (size before relaxing)
 .comment       0x0000014c       0x6f /home/federico/Programas/lpcxpresso_8.2.2_650/lpcxpresso/tools/bin/../lib/gcc/arm-none-eabi/5.4.1/../../../../arm-none-eabi/lib/armv7-m/libcr_c.a(memset.o)
 .comment       0x0000014c       0x6f /home/federico/Programas/lpcxpresso_8.2.2_650/lpcxpresso/tools/bin/../lib/gcc/arm-none-eabi/5.4.1/../../../../arm-none-eabi/lib/armv7-m/libcr_c.a(alloc.o)
 .comment       0x0000014c       0x6f /home/federico/Programas/lpcxpresso_8.2.2_650/lpcxpresso/tools/bin/../lib/gcc/arm-none-eabi/5.4.1/../../../../arm-none-eabi/lib/armv7-m/libcr_c.a(initio.o)
 .comment       0x0000014c       0x6f /home/federico/Programas/lpcxpresso_8.2.2_650/lpcxpresso/tools/bin/../lib/gcc/arm-none-eabi/5.4.1/../../../../arm-none-eabi/lib/armv7-m/libcr_c.a(setvbuf.o)
 .comment       0x0000014c       0x6f /home/federico/Programas/lpcxpresso_8.2.2_650/lpcxpresso/tools/bin/../lib/gcc/arm-none-eabi/5.4.1/../../../../arm-none-eabi/lib/armv7-m/libcr_c.a(stdio.o)
 .comment       0x0000014c       0x6f /home/federico/Programas/lpcxpresso_8.2.2_650/lpcxpresso/tools/bin/../lib/gcc/arm-none-eabi/5.4.1/../../../../arm-none-eabi/lib/armv7-m/libcr_c.a(__init_alloc.o)
 .comment       0x0000014c       0x6f /home/federico/Programas/lpcxpresso_8.2.2_650/lpcxpresso/tools/bin/../lib/gcc/arm-none-eabi/5.4.1/../../../../arm-none-eabi/lib/armv7-m/libcr_c.a(_cr_sbrk.o)
 .comment       0x0000014c       0x6f /home/federico/Programas/lpcxpresso_8.2.2_650/lpcxpresso/tools/bin/../lib/gcc/arm-none-eabi/5.4.1/../../../../arm-none-eabi/lib/armv7-m/libcr_c.a(_deferredlazyseek.o)
 .comment       0x0000014c       0x6f /home/federico/Programas/lpcxpresso_8.2.2_650/lpcxpresso/tools/bin/../lib/gcc/arm-none-eabi/5.4.1/../../../../arm-none-eabi/lib/armv7-m/libcr_c.a(_fdopen.o)
 .comment       0x0000014c       0x6f /home/federico/Programas/lpcxpresso_8.2.2_650/lpcxpresso/tools/bin/../lib/gcc/arm-none-eabi/5.4.1/../../../../arm-none-eabi/lib/armv7-m/libcr_c.a(_fflush.o)
 .comment       0x0000014c       0x6f /home/federico/Programas/lpcxpresso_8.2.2_650/lpcxpresso/tools/bin/../lib/gcc/arm-none-eabi/5.4.1/../../../../arm-none-eabi/lib/armv7-m/libcr_c.a(_writebuf.o)
 .comment       0x0000014c       0x6f /home/federico/Programas/lpcxpresso_8.2.2_650/lpcxpresso/tools/bin/../lib/gcc/arm-none-eabi/5.4.1/../../../../arm-none-eabi/lib/armv7-m/libcr_c.a(errno.o)
 .comment       0x0000014c       0x6f /home/federico/Programas/lpcxpresso_8.2.2_650/lpcxpresso/tools/bin/../lib/gcc/arm-none-eabi/5.4.1/../../../../arm-none-eabi/lib/armv7-m/libcr_c.a(fclose.o)
 .comment       0x0000014c       0x6f /home/federico/Programas/lpcxpresso_8.2.2_650/lpcxpresso/tools/bin/../lib/gcc/arm-none-eabi/5.4.1/../../../../arm-none-eabi/lib/armv7-m/libcr_c.a(fflush.o)
 .comment       0x0000014c       0x6f /home/federico/Programas/lpcxpresso_8.2.2_650/lpcxpresso/tools/bin/../lib/gcc/arm-none-eabi/5.4.1/../../../../arm-none-eabi/lib/armv7-m/libcr_c.a(fseek.o)
 .comment       0x0000014c       0x6f /home/federico/Programas/lpcxpresso_8.2.2_650/lpcxpresso/tools/bin/../lib/gcc/arm-none-eabi/5.4.1/../../../../arm-none-eabi/lib/armv7-m/libcr_c.a(ftell.o)
 .comment       0x0000014c       0x6f /home/federico/Programas/lpcxpresso_8.2.2_650/lpcxpresso/tools/bin/../lib/gcc/arm-none-eabi/5.4.1/../../../../arm-none-eabi/lib/armv7-m/libcr_c.a(remove.o)
 .comment       0x0000014c       0x6f /home/federico/Programas/lpcxpresso_8.2.2_650/lpcxpresso/tools/bin/../lib/gcc/arm-none-eabi/5.4.1/../../../../arm-none-eabi/lib/armv7-m/libcr_c.a(strlen.o)
 .comment       0x0000014c       0x6f /home/federico/Programas/lpcxpresso_8.2.2_650/lpcxpresso/tools/bin/../lib/gcc/arm-none-eabi/5.4.1/../../../../arm-none-eabi/lib/armv7-m/libcr_c.a(_cr_check_heap.o)
 .comment       0x0000014c       0x6f /home/federico/Programas/lpcxpresso_8.2.2_650/lpcxpresso/tools/bin/../lib/gcc/arm-none-eabi/5.4.1/../../../../arm-none-eabi/lib/armv7-m/libcr_c.a(_do_fflush.o)

.ARM.attributes
                0x00000000       0x31
 .ARM.attributes
                0x00000000       0x33 ./src/AD7124_MYFUNC.o
 .ARM.attributes
                0x00000033       0x33 ./src/ad7124.o
 .ARM.attributes
                0x00000066       0x33 ./src/cr_startup_lpc175x_6x.o
 .ARM.attributes
                0x00000099       0x33 ./src/sysinit.o
 .ARM.attributes
                0x000000cc       0x33 /home/federico/Escritorio/Workspace/LibFreeRTOS_8.2.3/Debug/libLibFreeRTOS_8.2.3.a(tasks.o)
 .ARM.attributes
                0x000000ff       0x33 /home/federico/Escritorio/Workspace/LibFreeRTOS_8.2.3/Debug/libLibFreeRTOS_8.2.3.a(heap_1.o)
 .ARM.attributes
                0x00000132       0x33 /home/federico/Escritorio/Workspace/LibFreeRTOS_8.2.3/Debug/libLibFreeRTOS_8.2.3.a(port.o)
 .ARM.attributes
                0x00000165       0x33 /home/federico/Escritorio/Workspace/LibFreeRTOS_8.2.3/Debug/libLibFreeRTOS_8.2.3.a(list.o)
 .ARM.attributes
                0x00000198       0x33 /home/federico/Escritorio/Workspace/LPC_BaseBoardBB1769_R02/Debug/libLPC_BaseBoardBB1769_R02.a(board.o)
 .ARM.attributes
                0x000001cb       0x33 /home/federico/Escritorio/Workspace/LPC_BaseBoardBB1769_R02/Debug/libLPC_BaseBoardBB1769_R02.a(board_sysinit.o)
 .ARM.attributes
                0x000001fe       0x33 /home/federico/Escritorio/Workspace/lpc_chip_175x_6x/Debug/liblpc_chip_175x_6x.a(chip_17xx_40xx.o)
 .ARM.attributes
                0x00000231       0x33 /home/federico/Escritorio/Workspace/lpc_chip_175x_6x/Debug/liblpc_chip_175x_6x.a(clock_17xx_40xx.o)
 .ARM.attributes
                0x00000264       0x33 /home/federico/Escritorio/Workspace/lpc_chip_175x_6x/Debug/liblpc_chip_175x_6x.a(iocon_17xx_40xx.o)
 .ARM.attributes
                0x00000297       0x33 /home/federico/Escritorio/Workspace/lpc_chip_175x_6x/Debug/liblpc_chip_175x_6x.a(ssp_17xx_40xx.o)
 .ARM.attributes
                0x000002ca       0x33 /home/federico/Escritorio/Workspace/lpc_chip_175x_6x/Debug/liblpc_chip_175x_6x.a(sysinit_17xx_40xx.o)
 .ARM.attributes
                0x000002fd       0x33 /home/federico/Programas/lpcxpresso_8.2.2_650/lpcxpresso/tools/bin/../lib/gcc/arm-none-eabi/5.4.1/../../../../arm-none-eabi/lib/armv7-m/libcr_semihost.a(_cr__main.o)
 .ARM.attributes
                0x00000330       0x33 /home/federico/Programas/lpcxpresso_8.2.2_650/lpcxpresso/tools/bin/../lib/gcc/arm-none-eabi/5.4.1/../../../../arm-none-eabi/lib/armv7-m/libcr_c.a(memset.o)
 .ARM.attributes
                0x00000363       0x33 /home/federico/Programas/lpcxpresso_8.2.2_650/lpcxpresso/tools/bin/../lib/gcc/arm-none-eabi/5.4.1/../../../../arm-none-eabi/lib/armv7-m/libcr_c.a(alloc.o)
 .ARM.attributes
                0x00000396       0x33 /home/federico/Programas/lpcxpresso_8.2.2_650/lpcxpresso/tools/bin/../lib/gcc/arm-none-eabi/5.4.1/../../../../arm-none-eabi/lib/armv7-m/libcr_c.a(initio.o)
 .ARM.attributes
                0x000003c9       0x33 /home/federico/Programas/lpcxpresso_8.2.2_650/lpcxpresso/tools/bin/../lib/gcc/arm-none-eabi/5.4.1/../../../../arm-none-eabi/lib/armv7-m/libcr_c.a(setvbuf.o)
 .ARM.attributes
                0x000003fc       0x33 /home/federico/Programas/lpcxpresso_8.2.2_650/lpcxpresso/tools/bin/../lib/gcc/arm-none-eabi/5.4.1/../../../../arm-none-eabi/lib/armv7-m/libcr_c.a(stdio.o)
 .ARM.attributes
                0x0000042f       0x33 /home/federico/Programas/lpcxpresso_8.2.2_650/lpcxpresso/tools/bin/../lib/gcc/arm-none-eabi/5.4.1/../../../../arm-none-eabi/lib/armv7-m/libcr_c.a(__init_alloc.o)
 .ARM.attributes
                0x00000462       0x33 /home/federico/Programas/lpcxpresso_8.2.2_650/lpcxpresso/tools/bin/../lib/gcc/arm-none-eabi/5.4.1/../../../../arm-none-eabi/lib/armv7-m/libcr_c.a(_cr_sbrk.o)
 .ARM.attributes
                0x00000495       0x33 /home/federico/Programas/lpcxpresso_8.2.2_650/lpcxpresso/tools/bin/../lib/gcc/arm-none-eabi/5.4.1/../../../../arm-none-eabi/lib/armv7-m/libcr_c.a(_deferredlazyseek.o)
 .ARM.attributes
                0x000004c8       0x33 /home/federico/Programas/lpcxpresso_8.2.2_650/lpcxpresso/tools/bin/../lib/gcc/arm-none-eabi/5.4.1/../../../../arm-none-eabi/lib/armv7-m/libcr_c.a(_fdopen.o)
 .ARM.attributes
                0x000004fb       0x33 /home/federico/Programas/lpcxpresso_8.2.2_650/lpcxpresso/tools/bin/../lib/gcc/arm-none-eabi/5.4.1/../../../../arm-none-eabi/lib/armv7-m/libcr_c.a(_fflush.o)
 .ARM.attributes
                0x0000052e       0x33 /home/federico/Programas/lpcxpresso_8.2.2_650/lpcxpresso/tools/bin/../lib/gcc/arm-none-eabi/5.4.1/../../../../arm-none-eabi/lib/armv7-m/libcr_c.a(_writebuf.o)
 .ARM.attributes
                0x00000561       0x33 /home/federico/Programas/lpcxpresso_8.2.2_650/lpcxpresso/tools/bin/../lib/gcc/arm-none-eabi/5.4.1/../../../../arm-none-eabi/lib/armv7-m/libcr_c.a(errno.o)
 .ARM.attributes
                0x00000594       0x33 /home/federico/Programas/lpcxpresso_8.2.2_650/lpcxpresso/tools/bin/../lib/gcc/arm-none-eabi/5.4.1/../../../../arm-none-eabi/lib/armv7-m/libcr_c.a(fclose.o)
 .ARM.attributes
                0x000005c7       0x33 /home/federico/Programas/lpcxpresso_8.2.2_650/lpcxpresso/tools/bin/../lib/gcc/arm-none-eabi/5.4.1/../../../../arm-none-eabi/lib/armv7-m/libcr_c.a(fflush.o)
 .ARM.attributes
                0x000005fa       0x33 /home/federico/Programas/lpcxpresso_8.2.2_650/lpcxpresso/tools/bin/../lib/gcc/arm-none-eabi/5.4.1/../../../../arm-none-eabi/lib/armv7-m/libcr_c.a(fseek.o)
 .ARM.attributes
                0x0000062d       0x33 /home/federico/Programas/lpcxpresso_8.2.2_650/lpcxpresso/tools/bin/../lib/gcc/arm-none-eabi/5.4.1/../../../../arm-none-eabi/lib/armv7-m/libcr_c.a(ftell.o)
 .ARM.attributes
                0x00000660       0x33 /home/federico/Programas/lpcxpresso_8.2.2_650/lpcxpresso/tools/bin/../lib/gcc/arm-none-eabi/5.4.1/../../../../arm-none-eabi/lib/armv7-m/libcr_c.a(remove.o)
 .ARM.attributes
                0x00000693       0x33 /home/federico/Programas/lpcxpresso_8.2.2_650/lpcxpresso/tools/bin/../lib/gcc/arm-none-eabi/5.4.1/../../../../arm-none-eabi/lib/armv7-m/libcr_c.a(strlen.o)
 .ARM.attributes
                0x000006c6       0x33 /home/federico/Programas/lpcxpresso_8.2.2_650/lpcxpresso/tools/bin/../lib/gcc/arm-none-eabi/5.4.1/../../../../arm-none-eabi/lib/armv7-m/libcr_c.a(_cr_check_heap.o)
 .ARM.attributes
                0x000006f9       0x33 /home/federico/Programas/lpcxpresso_8.2.2_650/lpcxpresso/tools/bin/../lib/gcc/arm-none-eabi/5.4.1/../../../../arm-none-eabi/lib/armv7-m/libcr_c.a(_do_fflush.o)
 .ARM.attributes
                0x0000072c       0x21 /home/federico/Programas/lpcxpresso_8.2.2_650/lpcxpresso/tools/bin/../lib/gcc/arm-none-eabi/5.4.1/armv7-m/libcr_eabihelpers.a(memcpy.o)
 .ARM.attributes
                0x0000074d       0x21 /home/federico/Programas/lpcxpresso_8.2.2_650/lpcxpresso/tools/bin/../lib/gcc/arm-none-eabi/5.4.1/../../../../arm-none-eabi/lib/armv7-m/libcr_semihost.a(__sys_appexit.o)
 .ARM.attributes
                0x0000076e       0x21 /home/federico/Programas/lpcxpresso_8.2.2_650/lpcxpresso/tools/bin/../lib/gcc/arm-none-eabi/5.4.1/../../../../arm-none-eabi/lib/armv7-m/libcr_semihost.a(__sys_close.o)
 .ARM.attributes
                0x0000078f       0x21 /home/federico/Programas/lpcxpresso_8.2.2_650/lpcxpresso/tools/bin/../lib/gcc/arm-none-eabi/5.4.1/../../../../arm-none-eabi/lib/armv7-m/libcr_semihost.a(__sys_flen.o)
 .ARM.attributes
                0x000007b0       0x21 /home/federico/Programas/lpcxpresso_8.2.2_650/lpcxpresso/tools/bin/../lib/gcc/arm-none-eabi/5.4.1/../../../../arm-none-eabi/lib/armv7-m/libcr_semihost.a(__sys_istty.o)
 .ARM.attributes
                0x000007d1       0x21 /home/federico/Programas/lpcxpresso_8.2.2_650/lpcxpresso/tools/bin/../lib/gcc/arm-none-eabi/5.4.1/../../../../arm-none-eabi/lib/armv7-m/libcr_semihost.a(__sys_remove.o)
 .ARM.attributes
                0x000007f2       0x21 /home/federico/Programas/lpcxpresso_8.2.2_650/lpcxpresso/tools/bin/../lib/gcc/arm-none-eabi/5.4.1/../../../../arm-none-eabi/lib/armv7-m/libcr_semihost.a(__sys_seek.o)
 .ARM.attributes
                0x00000813       0x21 /home/federico/Programas/lpcxpresso_8.2.2_650/lpcxpresso/tools/bin/../lib/gcc/arm-none-eabi/5.4.1/../../../../arm-none-eabi/lib/armv7-m/libcr_semihost.a(__sys_tmpnam.o)
 .ARM.attributes
                0x00000834       0x21 /home/federico/Programas/lpcxpresso_8.2.2_650/lpcxpresso/tools/bin/../lib/gcc/arm-none-eabi/5.4.1/../../../../arm-none-eabi/lib/armv7-m/libcr_semihost.a(__sys_write.o)

.debug_frame    0x00000000     0x22e0
 .debug_frame   0x00000000      0x100 ./src/AD7124_MYFUNC.o
 .debug_frame   0x00000100      0x578 ./src/ad7124.o
 .debug_frame   0x00000678      0x170 ./src/cr_startup_lpc175x_6x.o
 .debug_frame   0x000007e8       0x34 ./src/sysinit.o
 .debug_frame   0x0000081c      0x778 /home/federico/Escritorio/Workspace/LibFreeRTOS_8.2.3/Debug/libLibFreeRTOS_8.2.3.a(tasks.o)
 .debug_frame   0x00000f94       0x9c /home/federico/Escritorio/Workspace/LibFreeRTOS_8.2.3/Debug/libLibFreeRTOS_8.2.3.a(heap_1.o)
 .debug_frame   0x00001030      0x174 /home/federico/Escritorio/Workspace/LibFreeRTOS_8.2.3/Debug/libLibFreeRTOS_8.2.3.a(port.o)
 .debug_frame   0x000011a4       0xd8 /home/federico/Escritorio/Workspace/LibFreeRTOS_8.2.3/Debug/libLibFreeRTOS_8.2.3.a(list.o)
 .debug_frame   0x0000127c      0x52c /home/federico/Escritorio/Workspace/LPC_BaseBoardBB1769_R02/Debug/libLPC_BaseBoardBB1769_R02.a(board.o)
 .debug_frame   0x000017a8       0x8c /home/federico/Escritorio/Workspace/LPC_BaseBoardBB1769_R02/Debug/libLPC_BaseBoardBB1769_R02.a(board_sysinit.o)
 .debug_frame   0x00001834       0x88 /home/federico/Escritorio/Workspace/lpc_chip_175x_6x/Debug/liblpc_chip_175x_6x.a(chip_17xx_40xx.o)
 .debug_frame   0x000018bc      0x490 /home/federico/Escritorio/Workspace/lpc_chip_175x_6x/Debug/liblpc_chip_175x_6x.a(clock_17xx_40xx.o)
 .debug_frame   0x00001d4c       0x80 /home/federico/Escritorio/Workspace/lpc_chip_175x_6x/Debug/liblpc_chip_175x_6x.a(iocon_17xx_40xx.o)
 .debug_frame   0x00001dcc      0x3e8 /home/federico/Escritorio/Workspace/lpc_chip_175x_6x/Debug/liblpc_chip_175x_6x.a(ssp_17xx_40xx.o)
 .debug_frame   0x000021b4      0x12c /home/federico/Escritorio/Workspace/lpc_chip_175x_6x/Debug/liblpc_chip_175x_6x.a(sysinit_17xx_40xx.o)
